<html>
<body>
<pre>
<h1>µVision Build Log</h1>
<h2>Tool Versions:</h2>
IDE-Version: µVision V5.24.2.0
Copyright (C) 2017 ARM Ltd and ARM Germany GmbH. All rights reserved.
License Information: Alex Mos, NTMP, LIC=50DY8-3C8TK-04WSQ-N4U0G-NL02G-G1C79
 
Tool Versions:
Toolchain:       MDK-ARM Professional  Version: 5.24.1
Toolchain Path:  C:\Keil_v5\ARM\ARMCC\Bin
C Compiler:      Armcc.exe V5.06 update 5 (build 528)
Assembler:       Armasm.exe V5.06 update 5 (build 528)
Linker/Locator:  ArmLink.exe V5.06 update 5 (build 528)
Library Manager: ArmAr.exe V5.06 update 5 (build 528)
Hex Converter:   FromElf.exe V5.06 update 5 (build 528)
CPU DLL:         SARMCM3.DLL V5.24.1
Dialog DLL:      DARMSTM.DLL V1.68.0.0
Target DLL:      UL2CM3.DLL V1.160.3.0
Dialog DLL:      TARMSTM.DLL V1.66.0.0
 
<h2>Project:</h2>
D:\2 GIT STM32F407ZGT6\DOC\stm32fxxx_hal_libraries-master\stm32fxxx_hal_libraries-master\01-STM32Fxxx_Keil_CMSIS_Default_Project\project.uvprojx
Project File Date:  12/06/2018

<h2>Output:</h2>
*** Using Compiler 'V5.06 update 5 (build 528)', folder: 'C:\Keil_v5\ARM\ARMCC\Bin'
Build target 'STM32F769_DISCOVERY'
assembling startup_stm32f769xx.s...
compiling stm32f7xx_hal.c...
compiling stm32f7xx_hal_adc.c...
compiling stm32f7xx_hal_adc_ex.c...
compiling stm32f7xx_hal_cortex.c...
compiling stm32f7xx_hal_cec.c...
compiling stm32f7xx_hal_can.c...
compiling stm32f7xx_hal_crc.c...
compiling stm32f7xx_hal_cryp.c...
compiling stm32f7xx_hal_crc_ex.c...
compiling stm32f7xx_hal_dac_ex.c...
compiling stm32f7xx_hal_dac.c...
compiling stm32f7xx_hal_cryp_ex.c...
compiling stm32f7xx_hal_dma.c...
compiling stm32f7xx_hal_dcmi_ex.c...
compiling stm32f7xx_hal_dcmi.c...
compiling stm32f7xx_hal_eth.c...
compiling stm32f7xx_hal_dma_ex.c...
compiling stm32f7xx_hal_dma2d.c...
compiling stm32f7xx_hal_flash_ex.c...
compiling stm32f7xx_hal_flash.c...
compiling stm32f7xx_hal_gpio.c...
compiling stm32f7xx_hal_hash.c...
compiling stm32f7xx_hal_hcd.c...
compiling stm32f7xx_hal_hash_ex.c...
compiling stm32f7xx_hal_i2c_ex.c...
compiling stm32f7xx_hal_i2s.c...
compiling stm32f7xx_hal_i2c.c...
compiling stm32f7xx_hal_iwdg.c...
compiling stm32f7xx_hal_lptim.c...
compiling stm32f7xx_hal_irda.c...
compiling stm32f7xx_hal_msp_template.c...
compiling stm32f7xx_hal_ltdc.c...
compiling stm32f7xx_hal_nand.c...
compiling stm32f7xx_hal_nor.c...
compiling stm32f7xx_hal_pcd.c...
compiling stm32f7xx_hal_pcd_ex.c...
compiling stm32f7xx_hal_pwr.c...
compiling stm32f7xx_hal_pwr_ex.c...
compiling stm32f7xx_hal_qspi.c...
compiling stm32f7xx_hal_rcc.c...
compiling stm32f7xx_hal_rng.c...
compiling stm32f7xx_hal_rcc_ex.c...
compiling stm32f7xx_hal_rtc_ex.c...
compiling stm32f7xx_hal_rtc.c...
compiling stm32f7xx_hal_sai.c...
compiling stm32f7xx_hal_sai_ex.c...
compiling stm32f7xx_hal_sdram.c...
compiling stm32f7xx_hal_sd.c...
compiling stm32f7xx_hal_smartcard.c...
compiling stm32f7xx_hal_smartcard_ex.c...
compiling stm32f7xx_hal_spdifrx.c...
compiling stm32f7xx_hal_sram.c...
compiling stm32f7xx_hal_spi.c...
compiling stm32f7xx_hal_tim.c...
compiling stm32f7xx_hal_usart.c...
compiling stm32f7xx_hal_uart.c...
compiling stm32f7xx_hal_tim_ex.c...
compiling stm32f7xx_ll_sdmmc.c...
compiling stm32f7xx_hal_wwdg.c...
compiling stm32f7xx_ll_fmc.c...
compiling tm_stm32_rcc.c...
compiling tm_stm32_gpio.c...
compiling stm32f7xx_ll_usb.c...
compiling tm_stm32_disco.c...
compiling tm_stm32_buffer.c...
compiling tm_stm32_delay.c...
compiling stm32fxxx_it.c...
compiling main.c...
compiling system_stm32f7xx.c...
linking...
Program Size: Code=8620 RO-data=560 RW-data=28 ZI-data=8244  
FromELF: creating hex file...
".\Targets\STM32F7_DISCOVERY\project.axf" - 0 Error(s), 0 Warning(s).

<h2>Software Packages used:</h2>

Package Vendor: Keil
                http://www.keil.com/pack/Keil.STM32F1xx_DFP.2.3.0.pack
                Keil.STM32F1xx_DFP.2.3.0
                STMicroelectronics STM32F1 Series Device Support, Drivers and Examples

<h2>Collection of Component include folders:</h2>
  .\RTE\_STM32F769_DISCOVERY
  C:\Keil_v5\ARM\PACK\Keil\STM32F1xx_DFP\2.3.0\Device\Include

<h2>Collection of Component Files used:</h2>
Build Time Elapsed:  00:07:32
</pre>
</body>
</html>
