Component: ARM Compiler 5.06 update 5 (build 528) Tool: armlink [4d35e2]

==============================================================================

Section Cross References

    startup_stm32f407xx.o(RESET) refers to startup_stm32f407xx.o(STACK) for __initial_sp
    startup_stm32f407xx.o(RESET) refers to startup_stm32f407xx.o(.text) for Reset_Handler
    startup_stm32f407xx.o(RESET) refers to stm32f4xx_it.o(i.NMI_Handler) for NMI_Handler
    startup_stm32f407xx.o(RESET) refers to stm32f4xx_it.o(i.HardFault_Handler) for HardFault_Handler
    startup_stm32f407xx.o(RESET) refers to stm32f4xx_it.o(i.MemManage_Handler) for MemManage_Handler
    startup_stm32f407xx.o(RESET) refers to stm32f4xx_it.o(i.BusFault_Handler) for BusFault_Handler
    startup_stm32f407xx.o(RESET) refers to stm32f4xx_it.o(i.UsageFault_Handler) for UsageFault_Handler
    startup_stm32f407xx.o(RESET) refers to stm32f4xx_it.o(i.SVC_Handler) for SVC_Handler
    startup_stm32f407xx.o(RESET) refers to stm32f4xx_it.o(i.DebugMon_Handler) for DebugMon_Handler
    startup_stm32f407xx.o(RESET) refers to stm32f4xx_it.o(i.PendSV_Handler) for PendSV_Handler
    startup_stm32f407xx.o(RESET) refers to stm32f4xx_it.o(i.SysTick_Handler) for SysTick_Handler
    startup_stm32f407xx.o(RESET) refers to stm32f4xx_it.o(i.USART1_IRQHandler) for USART1_IRQHandler
    startup_stm32f407xx.o(RESET) refers to stm32f4xx_it.o(i.TIM6_DAC_IRQHandler) for TIM6_DAC_IRQHandler
    startup_stm32f407xx.o(RESET) refers to stm32f4xx_it.o(i.DMA2_Stream2_IRQHandler) for DMA2_Stream2_IRQHandler
    startup_stm32f407xx.o(RESET) refers to stm32f4xx_it.o(i.OTG_FS_IRQHandler) for OTG_FS_IRQHandler
    startup_stm32f407xx.o(RESET) refers to stm32f4xx_it.o(i.DMA2_Stream7_IRQHandler) for DMA2_Stream7_IRQHandler
    startup_stm32f407xx.o(.text) refers to system_stm32f4xx.o(i.SystemInit) for SystemInit
    startup_stm32f407xx.o(.text) refers to entry.o(.ARM.Collect$$$$00000000) for __main
    user_usart.o(i._read) refers to stm32f4xx_hal_uart.o(i.HAL_UART_Receive) for HAL_UART_Receive
    user_usart.o(i._read) refers to usart.o(.bss) for huart1
    user_usart.o(i._write) refers to stm32f4xx_hal_uart.o(i.HAL_UART_Transmit) for HAL_UART_Transmit
    user_usart.o(i._write) refers to usart.o(.bss) for huart1
    user_usart.o(i.fputc) refers to stm32f4xx_hal_uart.o(i.HAL_UART_Transmit) for HAL_UART_Transmit
    user_usart.o(i.fputc) refers to usart.o(.bss) for huart1
    main.o(i.SystemClock_Config) refers to memseta.o(.text) for __aeabi_memclr4
    main.o(i.SystemClock_Config) refers to stm32f4xx_hal_rcc.o(i.HAL_RCC_OscConfig) for HAL_RCC_OscConfig
    main.o(i.SystemClock_Config) refers to stm32f4xx_hal_rcc.o(i.HAL_RCC_ClockConfig) for HAL_RCC_ClockConfig
    main.o(i.SystemClock_Config) refers to stm32f4xx_hal_rcc_ex.o(i.HAL_RCCEx_PeriphCLKConfig) for HAL_RCCEx_PeriphCLKConfig
    main.o(i.SystemClock_Config) refers to stm32f4xx_hal_rcc.o(i.HAL_RCC_MCOConfig) for HAL_RCC_MCOConfig
    main.o(i.main) refers to stm32f4xx_hal.o(i.HAL_Init) for HAL_Init
    main.o(i.main) refers to main.o(i.SystemClock_Config) for SystemClock_Config
    main.o(i.main) refers to gpio.o(i.MX_GPIO_Init) for MX_GPIO_Init
    main.o(i.main) refers to dma.o(i.MX_DMA_Init) for MX_DMA_Init
    main.o(i.main) refers to fsmc.o(i.MX_FSMC_Init) for MX_FSMC_Init
    main.o(i.main) refers to sdio.o(i.MX_SDIO_SD_Init) for MX_SDIO_SD_Init
    main.o(i.main) refers to spi.o(i.MX_SPI2_Init) for MX_SPI2_Init
    main.o(i.main) refers to fatfs.o(i.MX_FATFS_Init) for MX_FATFS_Init
    main.o(i.main) refers to usb_device.o(i.MX_USB_DEVICE_Init) for MX_USB_DEVICE_Init
    main.o(i.main) refers to usart.o(i.MX_USART1_UART_Init) for MX_USART1_UART_Init
    main.o(i.main) refers to spi.o(i.MX_SPI1_Init) for MX_SPI1_Init
    main.o(i.main) refers to rtc.o(i.MX_RTC_Init) for MX_RTC_Init
    main.o(i.main) refers to tim.o(i.MX_TIM6_Init) for MX_TIM6_Init
    main.o(i.main) refers to i2c.o(i.MX_I2C2_Init) for MX_I2C2_Init
    main.o(i.main) refers to usart.o(i.MX_UART4_Init) for MX_UART4_Init
    main.o(i.main) refers to usart.o(i.MX_USART2_UART_Init) for MX_USART2_UART_Init
    main.o(i.main) refers to stm32f4xx_hal_tim.o(i.HAL_TIM_Base_Start) for HAL_TIM_Base_Start
    main.o(i.main) refers to stm32f4xx_hal_tim.o(i.HAL_TIM_Base_Start_IT) for HAL_TIM_Base_Start_IT
    main.o(i.main) refers to printfb.o(i.__0printf$bare) for __2printf
    main.o(i.main) refers to stm32f4xx_hal.o(i.HAL_Delay) for HAL_Delay
    main.o(i.main) refers to tim.o(.bss) for htim6
    gpio.o(i.MX_GPIO_Init) refers to memseta.o(.text) for __aeabi_memclr4
    gpio.o(i.MX_GPIO_Init) refers to stm32f4xx_hal_gpio.o(i.HAL_GPIO_WritePin) for HAL_GPIO_WritePin
    gpio.o(i.MX_GPIO_Init) refers to stm32f4xx_hal_gpio.o(i.HAL_GPIO_Init) for HAL_GPIO_Init
    dma.o(i.MX_DMA_Init) refers to stm32f4xx_hal_cortex.o(i.HAL_NVIC_SetPriority) for HAL_NVIC_SetPriority
    dma.o(i.MX_DMA_Init) refers to stm32f4xx_hal_cortex.o(i.HAL_NVIC_EnableIRQ) for HAL_NVIC_EnableIRQ
[...]
    .data                                    0x20000060   Section       16  usbd_cdc_if.o(.data)
    .data                                    0x20000070   Section       12  stm32f4xx_hal.o(.data)
    .data                                    0x2000007c   Section        4  system_stm32f4xx.o(.data)
    .data                                    0x20000080   Section        1  usbd_ctlreq.o(.data)
    cfgidx                                   0x20000080   Data           1  usbd_ctlreq.o(.data)
    .data                                    0x20000084   Section      215  usbd_cdc.o(.data)
    USBD_CDC_DeviceQualifierDesc             0x20000084   Data          10  usbd_cdc.o(.data)
    .data                                    0x2000015c   Section       56  usbd_cdc.o(.data)
    .data                                    0x20000194   Section        4  stdout.o(.data)
    .data                                    0x20000198   Section        4  mvars.o(.data)
    .data                                    0x2000019c   Section        4  mvars.o(.data)
    .bss                                     0x200001a0   Section       80  fsmc.o(.bss)
    .bss                                     0x200001f0   Section       84  i2c.o(.bss)
    .bss                                     0x20000244   Section       32  rtc.o(.bss)
    .bss                                     0x20000264   Section      132  sdio.o(.bss)
    .bss                                     0x200002e8   Section      176  spi.o(.bss)
    .bss                                     0x20000398   Section       64  tim.o(.bss)
    .bss                                     0x200003d8   Section      384  usart.o(.bss)
    .bss                                     0x20000558   Section      668  usb_device.o(.bss)
    .bss                                     0x200007f4   Section     1032  usbd_conf.o(.bss)
    .bss                                     0x20000bfc   Section      512  usbd_desc.o(.bss)
    .bss                                     0x20000dfc   Section     4096  usbd_cdc_if.o(.bss)
    .bss                                     0x20001dfc   Section       12  ff_gen_drv.o(.bss)
    HEAP                                     0x20001e08   Section     1024  startup_stm32f407xx.o(HEAP)
    STACK                                    0x20002208   Section     1024  startup_stm32f407xx.o(STACK)

    Global Symbols

    Symbol Name                              Value     Ov Type        Size  Object(Section)

    BuildAttributes$$THM_ISAv4$E$P$D$K$B$S$7EM$VFPi3$EXTD16$VFPS$VFMA$PE$A:L22UL41UL21$X:L11$S22US41US21$IEEE1$IW$USESV6$~STKCKD$USESV7$~SHL$OSPACE$ROPI$EBA8$MICROLIB$REQ8$PRES8$EABIv2 0x00000000   Number         0  anon$$obj.o ABSOLUTE
    __ARM_use_no_argv                        0x00000000   Number         0  main.o ABSOLUTE
    __cpp_initialize__aeabi_                  - Undefined Weak Reference
    __cxa_finalize                            - Undefined Weak Reference
    _clock_init                               - Undefined Weak Reference
    _microlib_exit                            - Undefined Weak Reference
    __Vectors_Size                           0x00000188   Number         0  startup_stm32f407xx.o ABSOLUTE
    __Vectors                                0x08000000   Data           4  startup_stm32f407xx.o(RESET)
    __Vectors_End                            0x08000188   Data           0  startup_stm32f407xx.o(RESET)
    __main                                   0x08000189   Thumb Code     0  entry.o(.ARM.Collect$$$$00000000)
    _main_stk                                0x08000189   Thumb Code     0  entry2.o(.ARM.Collect$$$$00000001)
    _main_scatterload                        0x0800018d   Thumb Code     0  entry5.o(.ARM.Collect$$$$00000004)
    __main_after_scatterload                 0x08000191   Thumb Code     0  entry5.o(.ARM.Collect$$$$00000004)
    _main_clock                              0x08000191   Thumb Code     0  entry7b.o(.ARM.Collect$$$$00000008)
    _main_cpp_init                           0x08000191   Thumb Code     0  entry8b.o(.ARM.Collect$$$$0000000A)
    _main_init                               0x08000191   Thumb Code     0  entry9a.o(.ARM.Collect$$$$0000000B)
    __rt_final_cpp                           0x08000199   Thumb Code     0  entry10a.o(.ARM.Collect$$$$0000000D)
    __rt_final_exit                          0x08000199   Thumb Code     0  entry11a.o(.ARM.Collect$$$$0000000F)
    Reset_Handler                            0x0800019d   Thumb Code     8  startup_stm32f407xx.o(.text)
    ADC_IRQHandler                           0x080001b7   Thumb Code     0  startup_stm32f407xx.o(.text)
    CAN1_RX0_IRQHandler                      0x080001b7   Thumb Code     0  startup_stm32f407xx.o(.text)
    CAN1_RX1_IRQHandler                      0x080001b7   Thumb Code     0  startup_stm32f407xx.o(.text)
    CAN1_SCE_IRQHandler                      0x080001b7   Thumb Code     0  startup_stm32f407xx.o(.text)
    CAN1_TX_IRQHandler                       0x080001b7   Thumb Code     0  startup_stm32f407xx.o(.text)
    CAN2_RX0_IRQHandler                      0x080001b7   Thumb Code     0  startup_stm32f407xx.o(.text)
    CAN2_RX1_IRQHandler                      0x080001b7   Thumb Code     0  startup_stm32f407xx.o(.text)
    CAN2_SCE_IRQHandler                      0x080001b7   Thumb Code     0  startup_stm32f407xx.o(.text)
    CAN2_TX_IRQHandler                       0x080001b7   Thumb Code     0  startup_stm32f407xx.o(.text)
    DCMI_IRQHandler                          0x080001b7   Thumb Code     0  startup_stm32f407xx.o(.text)
    DMA1_Stream0_IRQHandler                  0x080001b7   Thumb Code     0  startup_stm32f407xx.o(.text)
    DMA1_Stream1_IRQHandler                  0x080001b7   Thumb Code     0  startup_stm32f407xx.o(.text)
    DMA1_Stream2_IRQHandler                  0x080001b7   Thumb Code     0  startup_stm32f407xx.o(.text)
    DMA1_Stream3_IRQHandler                  0x080001b7   Thumb Code     0  startup_stm32f407xx.o(.text)
    DMA1_Stream4_IRQHandler                  0x080001b7   Thumb Code     0  startup_stm32f407xx.o(.text)
    DMA1_Stream5_IRQHandler                  0x080001b7   Thumb Code     0  startup_stm32f407xx.o(.text)
    DMA1_Stream6_IRQHandler                  0x080001b7   Thumb Code     0  startup_stm32f407xx.o(.text)
    DMA1_Stream7_IRQHandler                  0x080001b7   Thumb Code     0  startup_stm32f407xx.o(.text)
    DMA2_Stream0_IRQHandler                  0x080001b7   Thumb Code     0  startup_stm32f407xx.o(.text)
    DMA2_Stream1_IRQHandler                  0x080001b7   Thumb Code     0  startup_stm32f407xx.o(.text)
    DMA2_Stream3_IRQHandler                  0x080001b7   Thumb Code     0  startup_stm32f407xx.o(.text)
    DMA2_Stream4_IRQHandler                  0x080001b7   Thumb Code     0  startup_stm32f407xx.o(.text)
    DMA2_Stream5_IRQHandler                  0x080001b7   Thumb Code     0  startup_stm32f407xx.o(.text)
    DMA2_Stream6_IRQHandler                  0x080001b7   Thumb Code     0  startup_stm32f407xx.o(.text)
    ETH_IRQHandler                           0x080001b7   Thumb Code     0  startup_stm32f407xx.o(.text)
    ETH_WKUP_IRQHandler                      0x080001b7   Thumb Code     0  startup_stm32f407xx.o(.text)
    EXTI0_IRQHandler                         0x080001b7   Thumb Code     0  startup_stm32f407xx.o(.text)
    EXTI15_10_IRQHandler                     0x080001b7   Thumb Code     0  startup_stm32f407xx.o(.text)
    EXTI1_IRQHandler                         0x080001b7   Thumb Code     0  startup_stm32f407xx.o(.text)
    EXTI2_IRQHandler                         0x080001b7   Thumb Code     0  startup_stm32f407xx.o(.text)
    EXTI3_IRQHandler                         0x080001b7   Thumb Code     0  startup_stm32f407xx.o(.text)
    EXTI4_IRQHandler                         0x080001b7   Thumb Code     0  startup_stm32f407xx.o(.text)
    EXTI9_5_IRQHandler                       0x080001b7   Thumb Code     0  startup_stm32f407xx.o(.text)
    FLASH_IRQHandler                         0x080001b7   Thumb Code     0  startup_stm32f407xx.o(.text)
    FMC_IRQHandler                           0x080001b7   Thumb Code     0  startup_stm32f407xx.o(.text)
    FPU_IRQHandler                           0x080001b7   Thumb Code     0  startup_stm32f407xx.o(.text)
    HASH_RNG_IRQHandler                      0x080001b7   Thumb Code     0  startup_stm32f407xx.o(.text)
    I2C1_ER_IRQHandler                       0x080001b7   Thumb Code     0  startup_stm32f407xx.o(.text)
    I2C1_EV_IRQHandler                       0x080001b7   Thumb Code     0  startup_stm32f407xx.o(.text)
    I2C2_ER_IRQHandler                       0x080001b7   Thumb Code     0  startup_stm32f407xx.o(.text)
    I2C2_EV_IRQHandler                       0x080001b7   Thumb Code     0  startup_stm32f407xx.o(.text)
    I2C3_ER_IRQHandler                       0x080001b7   Thumb Code     0  startup_stm32f407xx.o(.text)
    I2C3_EV_IRQHandler                       0x080001b7   Thumb Code     0  startup_stm32f407xx.o(.text)
    OTG_FS_WKUP_IRQHandler                   0x080001b7   Thumb Code     0  startup_stm32f407xx.o(.text)
    OTG_HS_EP1_IN_IRQHandler                 0x080001b7   Thumb Code     0  startup_stm32f407xx.o(.text)
    OTG_HS_EP1_OUT_IRQHandler                0x080001b7   Thumb Code     0  startup_stm32f407xx.o(.text)
    OTG_HS_IRQHandler                        0x080001b7   Thumb Code     0  startup_stm32f407xx.o(.text)
    OTG_HS_WKUP_IRQHandler                   0x080001b7   Thumb Code     0  startup_stm32f407xx.o(.text)
    PVD_IRQHandler                           0x080001b7   Thumb Code     0  startup_stm32f407xx.o(.text)
    RCC_IRQHandler                           0x080001b7   Thumb Code     0  startup_stm32f407xx.o(.text)
    RTC_Alarm_IRQHandler                     0x080001b7   Thumb Code     0  startup_stm32f407xx.o(.text)
    RTC_WKUP_IRQHandler                      0x080001b7   Thumb Code     0  startup_stm32f407xx.o(.text)
    SDIO_IRQHandler                          0x080001b7   Thumb Code     0  startup_stm32f407xx.o(.text)
    SPI1_IRQHandler                          0x080001b7   Thumb Code     0  startup_stm32f407xx.o(.text)
    SPI2_IRQHandler                          0x080001b7   Thumb Code     0  startup_stm32f407xx.o(.text)
    SPI3_IRQHandler                          0x080001b7   Thumb Code     0  startup_stm32f407xx.o(.text)
    TAMP_STAMP_IRQHandler                    0x080001b7   Thumb Code     0  startup_stm32f407xx.o(.text)
    TIM1_BRK_TIM9_IRQHandler                 0x080001b7   Thumb Code     0  startup_stm32f407xx.o(.text)
    TIM1_CC_IRQHandler                       0x080001b7   Thumb Code     0  startup_stm32f407xx.o(.text)
    TIM1_TRG_COM_TIM11_IRQHandler            0x080001b7   Thumb Code     0  startup_stm32f407xx.o(.text)
    TIM1_UP_TIM10_IRQHandler                 0x080001b7   Thumb Code     0  startup_stm32f407xx.o(.text)
    TIM2_IRQHandler                          0x080001b7   Thumb Code     0  startup_stm32f407xx.o(.text)
    TIM3_IRQHandler                          0x080001b7   Thumb Code     0  startup_stm32f407xx.o(.text)
    TIM4_IRQHandler                          0x080001b7   Thumb Code     0  startup_stm32f407xx.o(.text)
    TIM5_IRQHandler                          0x080001b7   Thumb Code     0  startup_stm32f407xx.o(.text)
    TIM7_IRQHandler                          0x080001b7   Thumb Code     0  startup_stm32f407xx.o(.text)
    TIM8_BRK_TIM12_IRQHandler                0x080001b7   Thumb Code     0  startup_stm32f407xx.o(.text)
    TIM8_CC_IRQHandler                       0x080001b7   Thumb Code     0  startup_stm32f407xx.o(.text)
    TIM8_TRG_COM_TIM14_IRQHandler            0x080001b7   Thumb Code     0  startup_stm32f407xx.o(.text)
    TIM8_UP_TIM13_IRQHandler                 0x080001b7   Thumb Code     0  startup_stm32f407xx.o(.text)
    UART4_IRQHandler                         0x080001b7   Thumb Code     0  startup_stm32f407xx.o(.text)
    UART5_IRQHandler                         0x080001b7   Thumb Code     0  startup_stm32f407xx.o(.text)
    USART2_IRQHandler                        0x080001b7   Thumb Code     0  startup_stm32f407xx.o(.text)
    USART3_IRQHandler                        0x080001b7   Thumb Code     0  startup_stm32f407xx.o(.text)
    USART6_IRQHandler                        0x080001b7   Thumb Code     0  startup_stm32f407xx.o(.text)
    WWDG_IRQHandler                          0x080001b7   Thumb Code     0  startup_stm32f407xx.o(.text)
    __aeabi_uldivmod                         0x080001c1   Thumb Code    98  uldiv.o(.text)
    __aeabi_memcpy                           0x08000223   Thumb Code    36  memcpya.o(.text)
    __aeabi_memcpy4                          0x08000223   Thumb Code     0  memcpya.o(.text)
    __aeabi_memcpy8                          0x08000223   Thumb Code     0  memcpya.o(.text)
    __aeabi_memset                           0x08000247   Thumb Code    14  memseta.o(.text)
    __aeabi_memset4                          0x08000247   Thumb Code     0  memseta.o(.text)
    __aeabi_memset8                          0x08000247   Thumb Code     0  memseta.o(.text)
    __aeabi_memclr                           0x08000255   Thumb Code     4  memseta.o(.text)
    __aeabi_memclr4                          0x08000255   Thumb Code     0  memseta.o(.text)
    __aeabi_memclr8                          0x08000255   Thumb Code     0  memseta.o(.text)
    _memset$wrapper                          0x08000259   Thumb Code    18  memseta.o(.text)
    __aeabi_llsl                             0x0800026b   Thumb Code    30  llshl.o(.text)
    _ll_shift_l                              0x0800026b   Thumb Code     0  llshl.o(.text)
    __aeabi_llsr                             0x08000289   Thumb Code    32  llushr.o(.text)
    _ll_ushift_r                             0x08000289   Thumb Code     0  llushr.o(.text)
    __scatterload                            0x080002a9   Thumb Code    28  init.o(.text)
    __scatterload_rt2                        0x080002a9   Thumb Code     0  init.o(.text)
    __decompress                             0x080002cd   Thumb Code     0  __dczerorl2.o(.text)
    __decompress1                            0x080002cd   Thumb Code    86  __dczerorl2.o(.text)
    BSP_PlatformIsDetected                   0x08000325   Thumb Code    20  fatfs_platform.o(i.BSP_PlatformIsDetected)
    BSP_SD_GetCardInfo                       0x0800033d   Thumb Code     8  bsp_driver_sd.o(i.BSP_SD_GetCardInfo)
    BSP_SD_GetCardState                      0x08000349   Thumb Code    20  bsp_driver_sd.o(i.BSP_SD_GetCardState)
    BSP_SD_Init                              0x08000361   Thumb Code    42  bsp_driver_sd.o(i.BSP_SD_Init)
    BSP_SD_IsDetected                        0x08000391   Thumb Code    26  bsp_driver_sd.o(i.BSP_SD_IsDetected)
    BSP_SD_ReadBlocks                        0x080003ad   Thumb Code    26  bsp_driver_sd.o(i.BSP_SD_ReadBlocks)
    BSP_SD_WriteBlocks                       0x080003cd   Thumb Code    26  bsp_driver_sd.o(i.BSP_SD_WriteBlocks)
    BusFault_Handler                         0x080003ed   Thumb Code     2  stm32f4xx_it.o(i.BusFault_Handler)
    DMA2_Stream2_IRQHandler                  0x08000435   Thumb Code     6  stm32f4xx_it.o(i.DMA2_Stream2_IRQHandler)
    DMA2_Stream7_IRQHandler                  0x08000441   Thumb Code     6  stm32f4xx_it.o(i.DMA2_Stream7_IRQHandler)
    DebugMon_Handler                         0x080004c9   Thumb Code     2  stm32f4xx_it.o(i.DebugMon_Handler)
    Error_Handler                            0x080004cb   Thumb Code     2  main.o(i.Error_Handler)
    FATFS_LinkDriver                         0x080004cd   Thumb Code     6  ff_gen_drv.o(i.FATFS_LinkDriver)
    FATFS_LinkDriverEx                       0x080004d5   Thumb Code    58  ff_gen_drv.o(i.FATFS_LinkDriverEx)
    FSMC_NORSRAM_Extended_Timing_Init        0x08000515   Thumb Code    60  stm32f4xx_ll_fsmc.o(i.FSMC_NORSRAM_Extended_Timing_Init)
    FSMC_NORSRAM_Init                        0x08000555   Thumb Code    80  stm32f4xx_ll_fsmc.o(i.FSMC_NORSRAM_Init)
    FSMC_NORSRAM_Timing_Init                 0x080005a9   Thumb Code    64  stm32f4xx_ll_fsmc.o(i.FSMC_NORSRAM_Timing_Init)
    HAL_DMA_Abort_IT                         0x080005ed   Thumb Code    36  stm32f4xx_hal_dma.o(i.HAL_DMA_Abort_IT)
    HAL_DMA_IRQHandler                       0x08000611   Thumb Code   412  stm32f4xx_hal_dma.o(i.HAL_DMA_IRQHandler)
    HAL_DMA_Init                             0x080007b1   Thumb Code   206  stm32f4xx_hal_dma.o(i.HAL_DMA_Init)
    HAL_Delay                                0x08000885   Thumb Code    32  stm32f4xx_hal.o(i.HAL_Delay)
    HAL_GPIO_Init                            0x08000949   Thumb Code   388  stm32f4xx_hal_gpio.o(i.HAL_GPIO_Init)
    HAL_GPIO_ReadPin                         0x08000af9   Thumb Code    10  stm32f4xx_hal_gpio.o(i.HAL_GPIO_ReadPin)
    HAL_GPIO_TogglePin                       0x08000b03   Thumb Code    14  stm32f4xx_hal_gpio.o(i.HAL_GPIO_TogglePin)
    HAL_GPIO_WritePin                        0x08000b11   Thumb Code    10  stm32f4xx_hal_gpio.o(i.HAL_GPIO_WritePin)
    HAL_GetTick                              0x08000b1d   Thumb Code     6  stm32f4xx_hal.o(i.HAL_GetTick)
    HAL_I2C_Init                             0x08000b29   Thumb Code   356  stm32f4xx_hal_i2c.o(i.HAL_I2C_Init)
    HAL_I2C_MspInit                          0x08000c9d   Thumb Code    94  i2c.o(i.HAL_I2C_MspInit)
    HAL_IncTick                              0x08000d09   Thumb Code    12  stm32f4xx_hal.o(i.HAL_IncTick)
    HAL_Init                                 0x08000d19   Thumb Code    48  stm32f4xx_hal.o(i.HAL_Init)
    HAL_InitTick                             0x08000d4d   Thumb Code    54  stm32f4xx_hal.o(i.HAL_InitTick)
    HAL_MspInit                              0x08000d8d   Thumb Code    42  stm32f4xx_hal_msp.o(i.HAL_MspInit)
    HAL_NVIC_EnableIRQ                       0x08000dbd   Thumb Code    26  stm32f4xx_hal_cortex.o(i.HAL_NVIC_EnableIRQ)
    HAL_NVIC_SetPriority                     0x08000dd9   Thumb Code    60  stm32f4xx_hal_cortex.o(i.HAL_NVIC_SetPriority)
    HAL_NVIC_SetPriorityGrouping             0x08000e19   Thumb Code    26  stm32f4xx_hal_cortex.o(i.HAL_NVIC_SetPriorityGrouping)
    HAL_PCDEx_LPM_Callback                   0x08000e3d   Thumb Code     2  stm32f4xx_hal_pcd_ex.o(i.HAL_PCDEx_LPM_Callback)
    HAL_PCDEx_SetRxFiFo                      0x08000e3f   Thumb Code     8  stm32f4xx_hal_pcd_ex.o(i.HAL_PCDEx_SetRxFiFo)
    HAL_PCDEx_SetTxFiFo                      0x08000e47   Thumb Code    68  stm32f4xx_hal_pcd_ex.o(i.HAL_PCDEx_SetTxFiFo)
    HAL_PCD_ConnectCallback                  0x08000e8b   Thumb Code     8  usbd_conf.o(i.HAL_PCD_ConnectCallback)
    HAL_PCD_DataInStageCallback              0x08000e93   Thumb Code    18  usbd_conf.o(i.HAL_PCD_DataInStageCallback)
    HAL_PCD_DataOutStageCallback             0x08000ea5   Thumb Code    20  usbd_conf.o(i.HAL_PCD_DataOutStageCallback)
    HAL_PCD_DisconnectCallback               0x08000eb9   Thumb Code     8  usbd_conf.o(i.HAL_PCD_DisconnectCallback)
    HAL_PCD_EP_Close                         0x08000ec1   Thumb Code    76  stm32f4xx_hal_pcd.o(i.HAL_PCD_EP_Close)
    HAL_PCD_EP_ClrStall                      0x08000f0d   Thumb Code    92  stm32f4xx_hal_pcd.o(i.HAL_PCD_EP_ClrStall)
    HAL_PCD_EP_GetRxCount                    0x08000f69   Thumb Code    18  stm32f4xx_hal_pcd.o(i.HAL_PCD_EP_GetRxCount)
    HAL_PCD_EP_Open                          0x08000f7b   Thumb Code    96  stm32f4xx_hal_pcd.o(i.HAL_PCD_EP_Open)
    HAL_PCD_EP_Receive                       0x08000fdb   Thumb Code    72  stm32f4xx_hal_pcd.o(i.HAL_PCD_EP_Receive)
    HAL_PCD_EP_SetStall                      0x08001023   Thumb Code   116  stm32f4xx_hal_pcd.o(i.HAL_PCD_EP_SetStall)
    HAL_PCD_EP_Transmit                      0x08001097   Thumb Code    64  stm32f4xx_hal_pcd.o(i.HAL_PCD_EP_Transmit)
    HAL_PCD_IRQHandler                       0x080010d9   Thumb Code  1114  stm32f4xx_hal_pcd.o(i.HAL_PCD_IRQHandler)
    HAL_PCD_ISOINIncompleteCallback          0x0800153d   Thumb Code     8  usbd_conf.o(i.HAL_PCD_ISOINIncompleteCallback)
    HAL_PCD_ISOOUTIncompleteCallback         0x08001545   Thumb Code     8  usbd_conf.o(i.HAL_PCD_ISOOUTIncompleteCallback)
    HAL_PCD_Init                             0x0800154d   Thumb Code   226  stm32f4xx_hal_pcd.o(i.HAL_PCD_Init)
    HAL_PCD_MspInit                          0x08001631   Thumb Code   122  usbd_conf.o(i.HAL_PCD_MspInit)
    HAL_PCD_ResetCallback                    0x080016b5   Thumb Code    44  usbd_conf.o(i.HAL_PCD_ResetCallback)
    HAL_PCD_ResumeCallback                   0x080016e1   Thumb Code     8  usbd_conf.o(i.HAL_PCD_ResumeCallback)
    HAL_PCD_SOFCallback                      0x080016e9   Thumb Code     8  usbd_conf.o(i.HAL_PCD_SOFCallback)
    HAL_PCD_SetAddress                       0x080016f1   Thumb Code    40  stm32f4xx_hal_pcd.o(i.HAL_PCD_SetAddress)
    HAL_PCD_SetupStageCallback               0x08001719   Thumb Code    14  usbd_conf.o(i.HAL_PCD_SetupStageCallback)
    HAL_PCD_Start                            0x08001727   Thumb Code    66  stm32f4xx_hal_pcd.o(i.HAL_PCD_Start)
    HAL_PCD_SuspendCallback                  0x08001769   Thumb Code    44  usbd_conf.o(i.HAL_PCD_SuspendCallback)
    HAL_RCCEx_PeriphCLKConfig                0x08001799   Thumb Code   296  stm32f4xx_hal_rcc_ex.o(i.HAL_RCCEx_PeriphCLKConfig)
    HAL_RCC_ClockConfig                      0x080018d5   Thumb Code   286  stm32f4xx_hal_rcc.o(i.HAL_RCC_ClockConfig)
    HAL_RCC_GetHCLKFreq                      0x08001a05   Thumb Code     6  stm32f4xx_hal_rcc.o(i.HAL_RCC_GetHCLKFreq)
    HAL_RCC_GetPCLK1Freq                     0x08001a11   Thumb Code    20  stm32f4xx_hal_rcc.o(i.HAL_RCC_GetPCLK1Freq)
    HAL_RCC_GetPCLK2Freq                     0x08001a31   Thumb Code    20  stm32f4xx_hal_rcc.o(i.HAL_RCC_GetPCLK2Freq)
    HAL_RCC_GetSysClockFreq                  0x08001a51   Thumb Code    88  stm32f4xx_hal_rcc.o(i.HAL_RCC_GetSysClockFreq)
    HAL_RCC_MCOConfig                        0x08001ab1   Thumb Code   126  stm32f4xx_hal_rcc.o(i.HAL_RCC_MCOConfig)
    HAL_RCC_OscConfig                        0x08001b3d   Thumb Code   770  stm32f4xx_hal_rcc.o(i.HAL_RCC_OscConfig)
    HAL_RTC_Init                             0x08001e59   Thumb Code   166  stm32f4xx_hal_rtc.o(i.HAL_RTC_Init)
    HAL_RTC_MspInit                          0x08001f05   Thumb Code    16  rtc.o(i.HAL_RTC_MspInit)
    HAL_RTC_SetAlarm                         0x08001f1d   Thumb Code   336  stm32f4xx_hal_rtc.o(i.HAL_RTC_SetAlarm)
    HAL_RTC_SetDate                          0x0800206d   Thumb Code   194  stm32f4xx_hal_rtc.o(i.HAL_RTC_SetDate)
    HAL_RTC_SetTime                          0x08002135   Thumb Code   230  stm32f4xx_hal_rtc.o(i.HAL_RTC_SetTime)
    HAL_RTC_WaitForSynchro                   0x08002221   Thumb Code    54  stm32f4xx_hal_rtc.o(i.HAL_RTC_WaitForSynchro)
    HAL_SD_ConfigWideBusOperation            0x08002257   Thumb Code   120  stm32f4xx_hal_sd.o(i.HAL_SD_ConfigWideBusOperation)
    HAL_SD_GetCardCSD                        0x080022cf   Thumb Code   474  stm32f4xx_hal_sd.o(i.HAL_SD_GetCardCSD)
    HAL_SD_GetCardInfo                       0x080024a9   Thumb Code    36  stm32f4xx_hal_sd.o(i.HAL_SD_GetCardInfo)
    HAL_SD_GetCardState                      0x080024cd   Thumb Code    44  stm32f4xx_hal_sd.o(i.HAL_SD_GetCardState)
    HAL_SD_Init                              0x080024f9   Thumb Code    54  stm32f4xx_hal_sd.o(i.HAL_SD_Init)
    HAL_SD_InitCard                          0x08002531   Thumb Code    80  stm32f4xx_hal_sd.o(i.HAL_SD_InitCard)
    HAL_SD_MspInit                           0x08002585   Thumb Code   156  sdio.o(i.HAL_SD_MspInit)
    HAL_SD_ReadBlocks                        0x08002631   Thumb Code   434  stm32f4xx_hal_sd.o(i.HAL_SD_ReadBlocks)
    HAL_SD_WriteBlocks                       0x080027e5   Thumb Code   410  stm32f4xx_hal_sd.o(i.HAL_SD_WriteBlocks)
    HAL_SPI_Init                             0x0800297f   Thumb Code   128  stm32f4xx_hal_spi.o(i.HAL_SPI_Init)
    HAL_SPI_MspInit                          0x08002a01   Thumb Code   148  spi.o(i.HAL_SPI_MspInit)
    HAL_SRAM_Init                            0x08002aa5   Thumb Code    86  stm32f4xx_hal_sram.o(i.HAL_SRAM_Init)
    HAL_SRAM_MspInit                         0x08002afb   Thumb Code     4  fsmc.o(i.HAL_SRAM_MspInit)
    HAL_SYSTICK_Config                       0x08002aff   Thumb Code    40  stm32f4xx_hal_cortex.o(i.HAL_SYSTICK_Config)
    HAL_TIMEx_BreakCallback                  0x08002b27   Thumb Code     2  stm32f4xx_hal_tim_ex.o(i.HAL_TIMEx_BreakCallback)
    HAL_TIMEx_CommutCallback                 0x08002b29   Thumb Code     2  stm32f4xx_hal_tim_ex.o(i.HAL_TIMEx_CommutCallback)
    HAL_TIMEx_MasterConfigSynchronization    0x08002b2b   Thumb Code    66  stm32f4xx_hal_tim_ex.o(i.HAL_TIMEx_MasterConfigSynchronization)
    HAL_TIM_Base_Init                        0x08002b6d   Thumb Code    54  stm32f4xx_hal_tim.o(i.HAL_TIM_Base_Init)
    HAL_TIM_Base_MspInit                     0x08002ba5   Thumb Code    50  tim.o(i.HAL_TIM_Base_MspInit)
    HAL_TIM_Base_Start                       0x08002be1   Thumb Code    36  stm32f4xx_hal_tim.o(i.HAL_TIM_Base_Start)
    HAL_TIM_Base_Start_IT                    0x08002c05   Thumb Code    34  stm32f4xx_hal_tim.o(i.HAL_TIM_Base_Start_IT)
    HAL_TIM_IC_CaptureCallback               0x08002c27   Thumb Code     2  stm32f4xx_hal_tim.o(i.HAL_TIM_IC_CaptureCallback)
    HAL_TIM_IRQHandler                       0x08002c29   Thumb Code   358  stm32f4xx_hal_tim.o(i.HAL_TIM_IRQHandler)
    HAL_TIM_OC_DelayElapsedCallback          0x08002d8f   Thumb Code     2  stm32f4xx_hal_tim.o(i.HAL_TIM_OC_DelayElapsedCallback)
    HAL_TIM_PWM_PulseFinishedCallback        0x08002d91   Thumb Code     2  stm32f4xx_hal_tim.o(i.HAL_TIM_PWM_PulseFinishedCallback)
    HAL_TIM_PeriodElapsedCallback            0x08002d93   Thumb Code     2  stm32f4xx_hal_tim.o(i.HAL_TIM_PeriodElapsedCallback)
    HAL_TIM_TriggerCallback                  0x08002d95   Thumb Code     2  stm32f4xx_hal_tim.o(i.HAL_TIM_TriggerCallback)
    HAL_UART_ErrorCallback                   0x08002d97   Thumb Code     2  stm32f4xx_hal_uart.o(i.HAL_UART_ErrorCallback)
    HAL_UART_IRQHandler                      0x08002d99   Thumb Code   266  stm32f4xx_hal_uart.o(i.HAL_UART_IRQHandler)
    HAL_UART_Init                            0x08002ea9   Thumb Code    98  stm32f4xx_hal_uart.o(i.HAL_UART_Init)
    HAL_UART_MspInit                         0x08002f0d   Thumb Code   350  usart.o(i.HAL_UART_MspInit)
    HAL_UART_RxCpltCallback                  0x08003089   Thumb Code     2  stm32f4xx_hal_uart.o(i.HAL_UART_RxCpltCallback)
    HAL_UART_Transmit                        0x0800308b   Thumb Code   186  stm32f4xx_hal_uart.o(i.HAL_UART_Transmit)
    HAL_UART_TxCpltCallback                  0x08003145   Thumb Code     2  stm32f4xx_hal_uart.o(i.HAL_UART_TxCpltCallback)
    HardFault_Handler                        0x08003147   Thumb Code     2  stm32f4xx_it.o(i.HardFault_Handler)
    MX_DMA_Init                              0x08003181   Thumb Code    56  dma.o(i.MX_DMA_Init)
    MX_FATFS_Init                            0x080031bd   Thumb Code    18  fatfs.o(i.MX_FATFS_Init)
    MX_FSMC_Init                             0x080031d9   Thumb Code   100  fsmc.o(i.MX_FSMC_Init)
    MX_GPIO_Init                             0x08003245   Thumb Code   246  gpio.o(i.MX_GPIO_Init)
    MX_I2C2_Init                             0x08003351   Thumb Code    50  i2c.o(i.MX_I2C2_Init)
    MX_RTC_Init                              0x08003391   Thumb Code   178  rtc.o(i.MX_RTC_Init)
    MX_SDIO_SD_Init                          0x0800344d   Thumb Code    22  sdio.o(i.MX_SDIO_SD_Init)
    MX_SPI1_Init                             0x0800346d   Thumb Code    62  spi.o(i.MX_SPI1_Init)
    MX_SPI2_Init                             0x080034b5   Thumb Code    62  spi.o(i.MX_SPI2_Init)
    MX_TIM6_Init                             0x080034fd   Thumb Code    64  tim.o(i.MX_TIM6_Init)
    MX_UART4_Init                            0x08003545   Thumb Code    48  usart.o(i.MX_UART4_Init)
    MX_USART1_UART_Init                      0x0800357d   Thumb Code    48  usart.o(i.MX_USART1_UART_Init)
    MX_USART2_UART_Init                      0x080035b5   Thumb Code    48  usart.o(i.MX_USART2_UART_Init)
    MX_USB_DEVICE_Init                       0x080035ed   Thumb Code    66  usb_device.o(i.MX_USB_DEVICE_Init)
    MemManage_Handler                        0x08003641   Thumb Code     2  stm32f4xx_it.o(i.MemManage_Handler)
    NMI_Handler                              0x08003643   Thumb Code     2  stm32f4xx_it.o(i.NMI_Handler)
    OTG_FS_IRQHandler                        0x08003645   Thumb Code     6  stm32f4xx_it.o(i.OTG_FS_IRQHandler)
    PendSV_Handler                           0x080037cf   Thumb Code     2  stm32f4xx_it.o(i.PendSV_Handler)
    RTC_ByteToBcd2                           0x080037d1   Thumb Code    22  stm32f4xx_hal_rtc.o(i.RTC_ByteToBcd2)
    RTC_EnterInitMode                        0x080037e9   Thumb Code    58  stm32f4xx_hal_rtc.o(i.RTC_EnterInitMode)
    SDIO_ConfigData                          0x08003823   Thumb Code    36  stm32f4xx_ll_sdmmc.o(i.SDIO_ConfigData)
    SDIO_GetPowerState                       0x08003847   Thumb Code     8  stm32f4xx_ll_sdmmc.o(i.SDIO_GetPowerState)
    SDIO_GetResponse                         0x0800384f   Thumb Code    12  stm32f4xx_ll_sdmmc.o(i.SDIO_GetResponse)
    SDIO_Init                                0x0800385b   Thumb Code    36  stm32f4xx_ll_sdmmc.o(i.SDIO_Init)
    SDIO_PowerState_ON                       0x0800387f   Thumb Code     8  stm32f4xx_ll_sdmmc.o(i.SDIO_PowerState_ON)
    SDIO_ReadFIFO                            0x08003887   Thumb Code     6  stm32f4xx_ll_sdmmc.o(i.SDIO_ReadFIFO)
    SDIO_SendCommand                         0x0800388d   Thumb Code    32  stm32f4xx_ll_sdmmc.o(i.SDIO_SendCommand)
    SDIO_WriteFIFO                           0x080038ad   Thumb Code    10  stm32f4xx_ll_sdmmc.o(i.SDIO_WriteFIFO)
    SDMMC_CmdAppCommand                      0x080038b7   Thumb Code    50  stm32f4xx_ll_sdmmc.o(i.SDMMC_CmdAppCommand)
    SDMMC_CmdAppOperCommand                  0x080038e9   Thumb Code    48  stm32f4xx_ll_sdmmc.o(i.SDMMC_CmdAppOperCommand)
    SDMMC_CmdBlockLength                     0x0800391d   Thumb Code    50  stm32f4xx_ll_sdmmc.o(i.SDMMC_CmdBlockLength)
    SDMMC_CmdBusWidth                        0x0800394f   Thumb Code    50  stm32f4xx_ll_sdmmc.o(i.SDMMC_CmdBusWidth)
    SDMMC_CmdGoIdleState                     0x08003981   Thumb Code    76  stm32f4xx_ll_sdmmc.o(i.SDMMC_CmdGoIdleState)
    SDMMC_CmdOperCond                        0x080039d1   Thumb Code    98  stm32f4xx_ll_sdmmc.o(i.SDMMC_CmdOperCond)
    SDMMC_CmdReadMultiBlock                  0x08003a39   Thumb Code    50  stm32f4xx_ll_sdmmc.o(i.SDMMC_CmdReadMultiBlock)
    SDMMC_CmdReadSingleBlock                 0x08003a6b   Thumb Code    50  stm32f4xx_ll_sdmmc.o(i.SDMMC_CmdReadSingleBlock)
    SDMMC_CmdSelDesel                        0x08003a9d   Thumb Code    50  stm32f4xx_ll_sdmmc.o(i.SDMMC_CmdSelDesel)
    SDMMC_CmdSendCID                         0x08003acf   Thumb Code    44  stm32f4xx_ll_sdmmc.o(i.SDMMC_CmdSendCID)
    SDMMC_CmdSendCSD                         0x08003afb   Thumb Code    44  stm32f4xx_ll_sdmmc.o(i.SDMMC_CmdSendCSD)
    SDMMC_CmdSendSCR                         0x08003b27   Thumb Code    48  stm32f4xx_ll_sdmmc.o(i.SDMMC_CmdSendSCR)
    SDMMC_CmdSendStatus                      0x08003b57   Thumb Code    50  stm32f4xx_ll_sdmmc.o(i.SDMMC_CmdSendStatus)
    SDMMC_CmdSetRelAdd                       0x08003b89   Thumb Code    48  stm32f4xx_ll_sdmmc.o(i.SDMMC_CmdSetRelAdd)
    SDMMC_CmdStopTransfer                    0x08003bb9   Thumb Code    46  stm32f4xx_ll_sdmmc.o(i.SDMMC_CmdStopTransfer)
    SDMMC_CmdWriteMultiBlock                 0x08003bed   Thumb Code    50  stm32f4xx_ll_sdmmc.o(i.SDMMC_CmdWriteMultiBlock)
    SDMMC_CmdWriteSingleBlock                0x08003c1f   Thumb Code    50  stm32f4xx_ll_sdmmc.o(i.SDMMC_CmdWriteSingleBlock)
    SD_initialize                            0x08004199   Thumb Code    28  sd_diskio.o(i.SD_initialize)
    SD_ioctl                                 0x080041b9   Thumb Code    76  sd_diskio.o(i.SD_ioctl)
    SD_read                                  0x08004209   Thumb Code    38  sd_diskio.o(i.SD_read)
    SD_status                                0x0800422f   Thumb Code     4  sd_diskio.o(i.SD_status)
    SD_write                                 0x08004235   Thumb Code    38  sd_diskio.o(i.SD_write)
    SVC_Handler                              0x0800425b   Thumb Code     2  stm32f4xx_it.o(i.SVC_Handler)
    SysTick_Handler                          0x0800425d   Thumb Code     4  stm32f4xx_it.o(i.SysTick_Handler)
    SystemClock_Config                       0x08004261   Thumb Code   166  main.o(i.SystemClock_Config)
    SystemInit                               0x08004311   Thumb Code    66  system_stm32f4xx.o(i.SystemInit)
    TIM6_DAC_IRQHandler                      0x08004365   Thumb Code    20  stm32f4xx_it.o(i.TIM6_DAC_IRQHandler)
    TIM_Base_SetConfig                       0x08004381   Thumb Code   156  stm32f4xx_hal_tim.o(i.TIM_Base_SetConfig)
    USART1_IRQHandler                        0x08004881   Thumb Code     6  stm32f4xx_it.o(i.USART1_IRQHandler)
    USBD_CDC_GetDeviceQualifierDescriptor    0x0800496d   Thumb Code     8  usbd_cdc.o(i.USBD_CDC_GetDeviceQualifierDescriptor)
    USBD_CDC_ReceivePacket                   0x08004a31   Thumb Code    40  usbd_cdc.o(i.USBD_CDC_ReceivePacket)
    USBD_CDC_RegisterInterface               0x08004a59   Thumb Code    16  usbd_cdc.o(i.USBD_CDC_RegisterInterface)
    USBD_CDC_SetRxBuffer                     0x08004a69   Thumb Code    12  usbd_cdc.o(i.USBD_CDC_SetRxBuffer)
    USBD_CDC_SetTxBuffer                     0x08004a75   Thumb Code    16  usbd_cdc.o(i.USBD_CDC_SetTxBuffer)
    USBD_ClrClassConfig                      0x08004b31   Thumb Code    14  usbd_core.o(i.USBD_ClrClassConfig)
    USBD_CtlContinueRx                       0x08004b3f   Thumb Code    16  usbd_ioreq.o(i.USBD_CtlContinueRx)
    USBD_CtlContinueSendData                 0x08004b4f   Thumb Code    16  usbd_ioreq.o(i.USBD_CtlContinueSendData)
    USBD_CtlError                            0x08004b5f   Thumb Code    22  usbd_ctlreq.o(i.USBD_CtlError)
    USBD_CtlPrepareRx                        0x08004b75   Thumb Code    30  usbd_ioreq.o(i.USBD_CtlPrepareRx)
    USBD_CtlReceiveStatus                    0x08004b93   Thumb Code    22  usbd_ioreq.o(i.USBD_CtlReceiveStatus)
    USBD_CtlSendData                         0x08004ba9   Thumb Code    26  usbd_ioreq.o(i.USBD_CtlSendData)
    USBD_CtlSendStatus                       0x08004bc3   Thumb Code    22  usbd_ioreq.o(i.USBD_CtlSendStatus)
    USBD_FS_ConfigStrDescriptor              0x08004bd9   Thumb Code    16  usbd_desc.o(i.USBD_FS_ConfigStrDescriptor)
    USBD_FS_DeviceDescriptor                 0x08004bf9   Thumb Code     8  usbd_desc.o(i.USBD_FS_DeviceDescriptor)
    USBD_FS_InterfaceStrDescriptor           0x08004c05   Thumb Code    16  usbd_desc.o(i.USBD_FS_InterfaceStrDescriptor)
    USBD_FS_LangIDStrDescriptor              0x08004c29   Thumb Code     8  usbd_desc.o(i.USBD_FS_LangIDStrDescriptor)
    USBD_FS_ManufacturerStrDescriptor        0x08004c35   Thumb Code    16  usbd_desc.o(i.USBD_FS_ManufacturerStrDescriptor)
    USBD_FS_ProductStrDescriptor             0x08004c5d   Thumb Code    16  usbd_desc.o(i.USBD_FS_ProductStrDescriptor)
    USBD_FS_SerialStrDescriptor              0x08004c89   Thumb Code    48  usbd_desc.o(i.USBD_FS_SerialStrDescriptor)
    USBD_GetString                           0x08004da9   Thumb Code    72  usbd_ctlreq.o(i.USBD_GetString)
    USBD_Get_USB_Status                      0x08004df1   Thumb Code    24  usbd_conf.o(i.USBD_Get_USB_Status)
    USBD_Init                                0x08004e09   Thumb Code    42  usbd_core.o(i.USBD_Init)
    USBD_LL_ClearStallEP                     0x08004e33   Thumb Code    18  usbd_conf.o(i.USBD_LL_ClearStallEP)
    USBD_LL_CloseEP                          0x08004e45   Thumb Code    18  usbd_conf.o(i.USBD_LL_CloseEP)
    USBD_LL_DataInStage                      0x08004e57   Thumb Code   198  usbd_core.o(i.USBD_LL_DataInStage)
    USBD_LL_DataOutStage                     0x08004f1d   Thumb Code   130  usbd_core.o(i.USBD_LL_DataOutStage)
    USBD_LL_DevConnected                     0x08004f9f   Thumb Code     4  usbd_core.o(i.USBD_LL_DevConnected)
    USBD_LL_DevDisconnected                  0x08004fa3   Thumb Code    22  usbd_core.o(i.USBD_LL_DevDisconnected)
    USBD_LL_GetRxDataSize                    0x08004fb9   Thumb Code     8  usbd_conf.o(i.USBD_LL_GetRxDataSize)
    USBD_LL_Init                             0x08004fc1   Thumb Code    90  usbd_conf.o(i.USBD_LL_Init)
    USBD_LL_IsStallEP                        0x08005021   Thumb Code    32  usbd_conf.o(i.USBD_LL_IsStallEP)
    USBD_LL_IsoINIncomplete                  0x08005041   Thumb Code     4  usbd_core.o(i.USBD_LL_IsoINIncomplete)
    USBD_LL_IsoOUTIncomplete                 0x08005045   Thumb Code     4  usbd_core.o(i.USBD_LL_IsoOUTIncomplete)
    USBD_LL_OpenEP                           0x08005049   Thumb Code    24  usbd_conf.o(i.USBD_LL_OpenEP)
    USBD_LL_PrepareReceive                   0x08005061   Thumb Code    18  usbd_conf.o(i.USBD_LL_PrepareReceive)
    USBD_LL_Reset                            0x08005073   Thumb Code    80  usbd_core.o(i.USBD_LL_Reset)
    USBD_LL_Resume                           0x080050c3   Thumb Code    12  usbd_core.o(i.USBD_LL_Resume)
    USBD_LL_SOF                              0x080050cf   Thumb Code    24  usbd_core.o(i.USBD_LL_SOF)
    USBD_LL_SetSpeed                         0x080050e7   Thumb Code     6  usbd_core.o(i.USBD_LL_SetSpeed)
    USBD_LL_SetUSBAddress                    0x080050ed   Thumb Code    18  usbd_conf.o(i.USBD_LL_SetUSBAddress)
    USBD_LL_SetupStage                       0x080050ff   Thumb Code    90  usbd_core.o(i.USBD_LL_SetupStage)
    USBD_LL_StallEP                          0x08005159   Thumb Code    18  usbd_conf.o(i.USBD_LL_StallEP)
    USBD_LL_Start                            0x0800516b   Thumb Code    18  usbd_conf.o(i.USBD_LL_Start)
    USBD_LL_Suspend                          0x0800517d   Thumb Code    18  usbd_core.o(i.USBD_LL_Suspend)
    USBD_LL_Transmit                         0x0800518f   Thumb Code    18  usbd_conf.o(i.USBD_LL_Transmit)
    USBD_ParseSetupRequest                   0x080051a1   Thumb Code    40  usbd_ctlreq.o(i.USBD_ParseSetupRequest)
    USBD_RegisterClass                       0x080051c9   Thumb Code    16  usbd_core.o(i.USBD_RegisterClass)
    USBD_SetClassConfig                      0x080051d9   Thumb Code    22  usbd_core.o(i.USBD_SetClassConfig)
    USBD_Start                               0x08005275   Thumb Code    10  usbd_core.o(i.USBD_Start)
    USBD_StdDevReq                           0x0800527f   Thumb Code   274  usbd_ctlreq.o(i.USBD_StdDevReq)
    USBD_StdEPReq                            0x08005391   Thumb Code   336  usbd_ctlreq.o(i.USBD_StdEPReq)
    USBD_StdItfReq                           0x080054e1   Thumb Code    78  usbd_ctlreq.o(i.USBD_StdItfReq)
    USB_ActivateEndpoint                     0x08005531   Thumb Code   122  stm32f4xx_ll_usb.o(i.USB_ActivateEndpoint)
    USB_ActivateSetup                        0x080055b1   Thumb Code    52  stm32f4xx_ll_usb.o(i.USB_ActivateSetup)
    USB_CoreInit                             0x080055e5   Thumb Code   112  stm32f4xx_ll_usb.o(i.USB_CoreInit)
    USB_DeactivateEndpoint                   0x08005691   Thumb Code   118  stm32f4xx_ll_usb.o(i.USB_DeactivateEndpoint)
    USB_DevConnect                           0x08005711   Thumb Code    24  stm32f4xx_ll_usb.o(i.USB_DevConnect)
    USB_DevDisconnect                        0x08005729   Thumb Code    24  stm32f4xx_ll_usb.o(i.USB_DevDisconnect)
    USB_DevInit                              0x08005741   Thumb Code   378  stm32f4xx_ll_usb.o(i.USB_DevInit)
    USB_DisableGlobalInt                     0x080058cd   Thumb Code    12  stm32f4xx_ll_usb.o(i.USB_DisableGlobalInt)
    USB_EP0StartXfer                         0x080058d9   Thumb Code   276  stm32f4xx_ll_usb.o(i.USB_EP0StartXfer)
    USB_EP0_OutStart                         0x080059f1   Thumb Code    84  stm32f4xx_ll_usb.o(i.USB_EP0_OutStart)
    USB_EPClearStall                         0x08005a49   Thumb Code    88  stm32f4xx_ll_usb.o(i.USB_EPClearStall)
    USB_EPSetStall                           0x08005aa1   Thumb Code    88  stm32f4xx_ll_usb.o(i.USB_EPSetStall)
    USB_EPStartXfer                          0x08005af9   Thumb Code   482  stm32f4xx_ll_usb.o(i.USB_EPStartXfer)
    USB_EnableGlobalInt                      0x08005ce1   Thumb Code    12  stm32f4xx_ll_usb.o(i.USB_EnableGlobalInt)
    USB_FlushRxFifo                          0x08005ced   Thumb Code    28  stm32f4xx_ll_usb.o(i.USB_FlushRxFifo)
    USB_FlushTxFifo                          0x08005d0d   Thumb Code    32  stm32f4xx_ll_usb.o(i.USB_FlushTxFifo)
    USB_GetDevSpeed                          0x08005d31   Thumb Code    26  stm32f4xx_ll_usb.o(i.USB_GetDevSpeed)
    USB_GetMode                              0x08005d4b   Thumb Code     8  stm32f4xx_ll_usb.o(i.USB_GetMode)
    USB_ReadDevAllInEpInterrupt              0x08005d53   Thumb Code    14  stm32f4xx_ll_usb.o(i.USB_ReadDevAllInEpInterrupt)
    USB_ReadDevAllOutEpInterrupt             0x08005d61   Thumb Code    14  stm32f4xx_ll_usb.o(i.USB_ReadDevAllOutEpInterrupt)
    USB_ReadDevInEPInterrupt                 0x08005d6f   Thumb Code    36  stm32f4xx_ll_usb.o(i.USB_ReadDevInEPInterrupt)
    USB_ReadDevOutEPInterrupt                0x08005d93   Thumb Code    16  stm32f4xx_ll_usb.o(i.USB_ReadDevOutEPInterrupt)
    USB_ReadInterrupts                       0x08005da3   Thumb Code     8  stm32f4xx_ll_usb.o(i.USB_ReadInterrupts)
    USB_ReadPacket                           0x08005dab   Thumb Code    28  stm32f4xx_ll_usb.o(i.USB_ReadPacket)
    USB_SetCurrentMode                       0x08005dc7   Thumb Code    46  stm32f4xx_ll_usb.o(i.USB_SetCurrentMode)
    USB_SetDevAddress                        0x08005df5   Thumb Code    34  stm32f4xx_ll_usb.o(i.USB_SetDevAddress)
    USB_SetTurnaroundTime                    0x08005e19   Thumb Code   158  stm32f4xx_ll_usb.o(i.USB_SetTurnaroundTime)
    USB_WritePacket                          0x08005f01   Thumb Code    36  stm32f4xx_ll_usb.o(i.USB_WritePacket)
    UsageFault_Handler                       0x08005f25   Thumb Code     2  stm32f4xx_it.o(i.UsageFault_Handler)
    __0printf$bare                           0x08005f29   Thumb Code     8  printfb.o(i.__0printf$bare)
    __1printf$bare                           0x08005f29   Thumb Code     0  printfb.o(i.__0printf$bare)
    __2printf                                0x08005f29   Thumb Code     0  printfb.o(i.__0printf$bare)
    __scatterload_copy                       0x08005f59   Thumb Code    14  handlers.o(i.__scatterload_copy)
    __scatterload_null                       0x08005f67   Thumb Code     2  handlers.o(i.__scatterload_null)
    __scatterload_zeroinit                   0x08005f69   Thumb Code    14  handlers.o(i.__scatterload_zeroinit)
    fputc                                    0x08005f99   Thumb Code    20  user_usart.o(i.fputc)
    free                                     0x08005fb1   Thumb Code    76  malloc.o(i.free)
    main                                     0x08006001   Thumb Code    94  main.o(i.main)
    malloc                                   0x08006081   Thumb Code    92  malloc.o(i.malloc)
    SD_Driver                                0x080060ec   Data          20  sd_diskio.o(.constdata)
    AHBPrescTable                            0x08006108   Data          16  system_stm32f4xx.o(.constdata)
    APBPrescTable                            0x08006118   Data           8  system_stm32f4xx.o(.constdata)
    Region$$Table$$Base                      0x08006120   Number         0  anon$$obj.o(Region$$Table)
    Region$$Table$$Limit                     0x08006140   Number         0  anon$$obj.o(Region$$Table)
    retSD                                    0x20000001   Data           1  fatfs.o(.data)
    SDPath                                   0x20000002   Data           4  fatfs.o(.data)
    FS_Desc                                  0x20000010   Data          28  usbd_desc.o(.data)
    USBD_LangIDDesc                          0x2000002c   Data           4  usbd_desc.o(.data)
    USBD_FS_DeviceDesc                       0x20000030   Data          18  usbd_desc.o(.data)
    USBD_StringSerial                        0x20000044   Data          26  usbd_desc.o(.data)
    USBD_Interface_fops_FS                   0x20000060   Data          16  usbd_cdc_if.o(.data)
    uwTickFreq                               0x20000070   Data           1  stm32f4xx_hal.o(.data)
    uwTickPrio                               0x20000074   Data           4  stm32f4xx_hal.o(.data)
    uwTick                                   0x20000078   Data           4  stm32f4xx_hal.o(.data)
    SystemCoreClock                          0x2000007c   Data           4  system_stm32f4xx.o(.data)
    USBD_CDC_CfgHSDesc                       0x20000090   Data          67  usbd_cdc.o(.data)
    USBD_CDC_CfgFSDesc                       0x200000d4   Data          67  usbd_cdc.o(.data)
    USBD_CDC_OtherSpeedCfgDesc               0x20000118   Data          67  usbd_cdc.o(.data)
    USBD_CDC                                 0x2000015c   Data          56  usbd_cdc.o(.data)
    __stdout                                 0x20000194   Data           4  stdout.o(.data)
    __microlib_freelist                      0x20000198   Data           4  mvars.o(.data)
    __microlib_freelist_initialised          0x2000019c   Data           4  mvars.o(.data)
    hsram1                                   0x200001a0   Data          80  fsmc.o(.bss)
    hi2c2                                    0x200001f0   Data          84  i2c.o(.bss)
    hrtc                                     0x20000244   Data          32  rtc.o(.bss)
    hsd                                      0x20000264   Data         132  sdio.o(.bss)
    hspi1                                    0x200002e8   Data          88  spi.o(.bss)
    hspi2                                    0x20000340   Data          88  spi.o(.bss)
    htim6                                    0x20000398   Data          64  tim.o(.bss)
    huart4                                   0x200003d8   Data          64  usart.o(.bss)
    huart1                                   0x20000418   Data          64  usart.o(.bss)
    huart2                                   0x20000458   Data          64  usart.o(.bss)
    hdma_usart1_tx                           0x20000498   Data          96  usart.o(.bss)
    hdma_usart1_rx                           0x200004f8   Data          96  usart.o(.bss)
    hUsbDeviceFS                             0x20000558   Data         668  usb_device.o(.bss)
    hpcd_USB_OTG_FS                          0x200007f4   Data        1032  usbd_conf.o(.bss)
    USBD_StrDesc                             0x20000bfc   Data         512  usbd_desc.o(.bss)
    UserRxBufferFS                           0x20000dfc   Data        2048  usbd_cdc_if.o(.bss)
    UserTxBufferFS                           0x200015fc   Data        2048  usbd_cdc_if.o(.bss)
    disk                                     0x20001dfc   Data          12  ff_gen_drv.o(.bss)
    __heap_base                              0x20001e08   Data           0  startup_stm32f407xx.o(HEAP)
    __heap_limit                             0x20002208   Data           0  startup_stm32f407xx.o(HEAP)
    __initial_sp                             0x20002608   Data           0  startup_stm32f407xx.o(STACK)



==============================================================================

Memory Map of the image

  Image Entry point : 0x08000189

  Load Region LR_IROM1 (Base: 0x08000000, Size: 0x000062e0, Max: 0x00080000, ABSOLUTE, COMPRESSED[0x00006204])

    Execution Region ER_IROM1 (Exec base: 0x08000000, Load base: 0x08000000, Size: 0x00006140, Max: 0x00080000, ABSOLUTE)

    Exec Addr    Load Addr    Size         Type   Attr      Idx    E Section Name        Object

    0x08000000   0x08000000   0x00000188   Data   RO            3    RESET               startup_stm32f407xx.o
    0x08000188   0x08000188   0x00000000   Code   RO         7130  * .ARM.Collect$$$$00000000  mc_w.l(entry.o)
    0x08000188   0x08000188   0x00000004   Code   RO         7429    .ARM.Collect$$$$00000001  mc_w.l(entry2.o)
    0x0800018c   0x0800018c   0x00000004   Code   RO         7432    .ARM.Collect$$$$00000004  mc_w.l(entry5.o)
    0x08000190   0x08000190   0x00000000   Code   RO         7434    .ARM.Collect$$$$00000008  mc_w.l(entry7b.o)
    0x08000190   0x08000190   0x00000000   Code   RO         7436    .ARM.Collect$$$$0000000A  mc_w.l(entry8b.o)
    0x08000190   0x08000190   0x00000008   Code   RO         7437    .ARM.Collect$$$$0000000B  mc_w.l(entry9a.o)
    0x08000198   0x08000198   0x00000000   Code   RO         7439    .ARM.Collect$$$$0000000D  mc_w.l(entry10a.o)
    0x08000198   0x08000198   0x00000000   Code   RO         7441    .ARM.Collect$$$$0000000F  mc_w.l(entry11a.o)
    0x08000198   0x08000198   0x00000004   Code   RO         7430    .ARM.Collect$$$$00002712  mc_w.l(entry2.o)
    0x0800019c   0x0800019c   0x00000024   Code   RO            4    .text               startup_stm32f407xx.o
    0x080001c0   0x080001c0   0x00000062   Code   RO         7133    .text               mc_w.l(uldiv.o)
    0x08000222   0x08000222   0x00000024   Code   RO         7135    .text               mc_w.l(memcpya.o)
    0x08000246   0x08000246   0x00000024   Code   RO         7137    .text               mc_w.l(memseta.o)
    0x0800026a   0x0800026a   0x0000001e   Code   RO         7446    .text               mc_w.l(llshl.o)
    0x08000288   0x08000288   0x00000020   Code   RO         7448    .text               mc_w.l(llushr.o)
    0x080002a8   0x080002a8   0x00000024   Code   RO         7463    .text               mc_w.l(init.o)
    0x080002cc   0x080002cc   0x00000056   Code   RO         7477    .text               mc_w.l(__dczerorl2.o)
    0x08000322   0x08000322   0x00000002   PAD
    0x08000324   0x08000324   0x00000018   Code   RO          612    i.BSP_PlatformIsDetected  fatfs_platform.o
    0x0800033c   0x0800033c   0x0000000c   Code   RO          376    i.BSP_SD_GetCardInfo  bsp_driver_sd.o
    0x08000348   0x08000348   0x00000018   Code   RO          377    i.BSP_SD_GetCardState  bsp_driver_sd.o
    0x08000360   0x08000360   0x00000030   Code   RO          380    i.BSP_SD_Init       bsp_driver_sd.o
    0x08000390   0x08000390   0x0000001a   Code   RO          381    i.BSP_SD_IsDetected  bsp_driver_sd.o
    0x080003aa   0x080003aa   0x00000002   PAD
    0x080003ac   0x080003ac   0x00000020   Code   RO          382    i.BSP_SD_ReadBlocks  bsp_driver_sd.o
    0x080003cc   0x080003cc   0x00000020   Code   RO          385    i.BSP_SD_WriteBlocks  bsp_driver_sd.o
    0x080003ec   0x080003ec   0x00000002   Code   RO         1318    i.BusFault_Handler  stm32f4xx_it.o
    0x080003ee   0x080003ee   0x00000004   Code   RO         1266    i.CDC_Control_FS    usbd_cdc_if.o
    0x080003f2   0x080003f2   0x00000004   Code   RO         1267    i.CDC_DeInit_FS     usbd_cdc_if.o
    0x080003f6   0x080003f6   0x00000002   PAD
    0x080003f8   0x080003f8   0x00000024   Code   RO         1268    i.CDC_Init_FS       usbd_cdc_if.o
    0x0800041c   0x0800041c   0x00000018   Code   RO         1269    i.CDC_Receive_FS    usbd_cdc_if.o
    0x08000434   0x08000434   0x0000000c   Code   RO         1319    i.DMA2_Stream2_IRQHandler  stm32f4xx_it.o
    0x08000440   0x08000440   0x0000000c   Code   RO         1320    i.DMA2_Stream7_IRQHandler  stm32f4xx_it.o
    0x0800044c   0x0800044c   0x00000028   Code   RO         5595    i.DMA_CalcBaseAndBitshift  stm32f4xx_hal_dma.o
    0x08000474   0x08000474   0x00000054   Code   RO         5596    i.DMA_CheckFifoParam  stm32f4xx_hal_dma.o
    0x080004c8   0x080004c8   0x00000002   Code   RO         1321    i.DebugMon_Handler  stm32f4xx_it.o
    0x080004ca   0x080004ca   0x00000002   Code   RO          243    i.Error_Handler     main.o
    0x080004cc   0x080004cc   0x00000006   Code   RO         6690    i.FATFS_LinkDriver  ff_gen_drv.o
    0x080004d2   0x080004d2   0x00000002   PAD
    0x080004d4   0x080004d4   0x00000040   Code   RO         6691    i.FATFS_LinkDriverEx  ff_gen_drv.o
    0x08000514   0x08000514   0x00000040   Code   RO         2018    i.FSMC_NORSRAM_Extended_Timing_Init  stm32f4xx_ll_fsmc.o
    0x08000554   0x08000554   0x00000054   Code   RO         2019    i.FSMC_NORSRAM_Init  stm32f4xx_ll_fsmc.o
    0x080005a8   0x080005a8   0x00000044   Code   RO         2020    i.FSMC_NORSRAM_Timing_Init  stm32f4xx_ll_fsmc.o
    0x080005ec   0x080005ec   0x00000024   Code   RO         5599    i.HAL_DMA_Abort_IT  stm32f4xx_hal_dma.o
    0x08000610   0x08000610   0x000001a0   Code   RO         5603    i.HAL_DMA_IRQHandler  stm32f4xx_hal_dma.o
    0x080007b0   0x080007b0   0x000000d4   Code   RO         5604    i.HAL_DMA_Init      stm32f4xx_hal_dma.o
    0x08000884   0x08000884   0x00000024   Code   RO         6017    i.HAL_Delay         stm32f4xx_hal.o
    0x080008a8   0x080008a8   0x000000a0   Code   RO          636    i.HAL_FSMC_MspInit  fsmc.o
    0x08000948   0x08000948   0x000001b0   Code   RO         5491    i.HAL_GPIO_Init     stm32f4xx_hal_gpio.o
    0x08000af8   0x08000af8   0x0000000a   Code   RO         5493    i.HAL_GPIO_ReadPin  stm32f4xx_hal_gpio.o
    0x08000b02   0x08000b02   0x0000000e   Code   RO         5494    i.HAL_GPIO_TogglePin  stm32f4xx_hal_gpio.o
    0x08000b10   0x08000b10   0x0000000a   Code   RO         5495    i.HAL_GPIO_WritePin  stm32f4xx_hal_gpio.o
    0x08000b1a   0x08000b1a   0x00000002   PAD
    0x08000b1c   0x08000b1c   0x0000000c   Code   RO         6023    i.HAL_GetTick       stm32f4xx_hal.o
    0x08000b28   0x08000b28   0x00000174   Code   RO         2267    i.HAL_I2C_Init      stm32f4xx_hal_i2c.o
    0x08000c9c   0x08000c9c   0x0000006c   Code   RO          685    i.HAL_I2C_MspInit   i2c.o
    0x08000d08   0x08000d08   0x00000010   Code   RO         6029    i.HAL_IncTick       stm32f4xx_hal.o
    0x08000d18   0x08000d18   0x00000034   Code   RO         6030    i.HAL_Init          stm32f4xx_hal.o
    0x08000d4c   0x08000d4c   0x00000040   Code   RO         6031    i.HAL_InitTick      stm32f4xx_hal.o
    0x08000d8c   0x08000d8c   0x00000030   Code   RO         1424    i.HAL_MspInit       stm32f4xx_hal_msp.o
    0x08000dbc   0x08000dbc   0x0000001a   Code   RO         5880    i.HAL_NVIC_EnableIRQ  stm32f4xx_hal_cortex.o
    0x08000dd6   0x08000dd6   0x00000002   PAD
    0x08000dd8   0x08000dd8   0x00000040   Code   RO         5886    i.HAL_NVIC_SetPriority  stm32f4xx_hal_cortex.o
    0x08000e18   0x08000e18   0x00000024   Code   RO         5887    i.HAL_NVIC_SetPriorityGrouping  stm32f4xx_hal_cortex.o
    0x08000e3c   0x08000e3c   0x00000002   Code   RO         1669    i.HAL_PCDEx_LPM_Callback  stm32f4xx_hal_pcd_ex.o
    0x08000e3e   0x08000e3e   0x00000008   Code   RO         1670    i.HAL_PCDEx_SetRxFiFo  stm32f4xx_hal_pcd_ex.o
    0x08000e46   0x08000e46   0x00000044   Code   RO         1671    i.HAL_PCDEx_SetTxFiFo  stm32f4xx_hal_pcd_ex.o
    0x08000e8a   0x08000e8a   0x00000008   Code   RO          985    i.HAL_PCD_ConnectCallback  usbd_conf.o
    0x08000e92   0x08000e92   0x00000012   Code   RO          986    i.HAL_PCD_DataInStageCallback  usbd_conf.o
    0x08000ea4   0x08000ea4   0x00000014   Code   RO          987    i.HAL_PCD_DataOutStageCallback  usbd_conf.o
    0x08000eb8   0x08000eb8   0x00000008   Code   RO          988    i.HAL_PCD_DisconnectCallback  usbd_conf.o
    0x08000ec0   0x08000ec0   0x0000004c   Code   RO         1457    i.HAL_PCD_EP_Close  stm32f4xx_hal_pcd.o
    0x08000f0c   0x08000f0c   0x0000005c   Code   RO         1458    i.HAL_PCD_EP_ClrStall  stm32f4xx_hal_pcd.o
    0x08000f68   0x08000f68   0x00000012   Code   RO         1460    i.HAL_PCD_EP_GetRxCount  stm32f4xx_hal_pcd.o
    0x08000f7a   0x08000f7a   0x00000060   Code   RO         1461    i.HAL_PCD_EP_Open   stm32f4xx_hal_pcd.o
    0x08000fda   0x08000fda   0x00000048   Code   RO         1462    i.HAL_PCD_EP_Receive  stm32f4xx_hal_pcd.o
    0x08001022   0x08001022   0x00000074   Code   RO         1463    i.HAL_PCD_EP_SetStall  stm32f4xx_hal_pcd.o
    0x08001096   0x08001096   0x00000040   Code   RO         1464    i.HAL_PCD_EP_Transmit  stm32f4xx_hal_pcd.o
    0x080010d6   0x080010d6   0x00000002   PAD
    0x080010d8   0x080010d8   0x00000464   Code   RO         1466    i.HAL_PCD_IRQHandler  stm32f4xx_hal_pcd.o
    0x0800153c   0x0800153c   0x00000008   Code   RO          989    i.HAL_PCD_ISOINIncompleteCallback  usbd_conf.o
    0x08001544   0x08001544   0x00000008   Code   RO          990    i.HAL_PCD_ISOOUTIncompleteCallback  usbd_conf.o
    0x0800154c   0x0800154c   0x000000e2   Code   RO         1469    i.HAL_PCD_Init      stm32f4xx_hal_pcd.o
    0x0800162e   0x0800162e   0x00000002   PAD
    0x08001630   0x08001630   0x00000084   Code   RO          992    i.HAL_PCD_MspInit   usbd_conf.o
    0x080016b4   0x080016b4   0x0000002c   Code   RO          993    i.HAL_PCD_ResetCallback  usbd_conf.o
    0x080016e0   0x080016e0   0x00000008   Code   RO          994    i.HAL_PCD_ResumeCallback  usbd_conf.o
    0x080016e8   0x080016e8   0x00000008   Code   RO          995    i.HAL_PCD_SOFCallback  usbd_conf.o
    0x080016f0   0x080016f0   0x00000028   Code   RO         1475    i.HAL_PCD_SetAddress  stm32f4xx_hal_pcd.o
    0x08001718   0x08001718   0x0000000e   Code   RO          996    i.HAL_PCD_SetupStageCallback  usbd_conf.o
    0x08001726   0x08001726   0x00000042   Code   RO         1477    i.HAL_PCD_Start     stm32f4xx_hal_pcd.o
    0x08001768   0x08001768   0x00000030   Code   RO          997    i.HAL_PCD_SuspendCallback  usbd_conf.o
    0x08001798   0x08001798   0x0000013c   Code   RO         5242    i.HAL_RCCEx_PeriphCLKConfig  stm32f4xx_hal_rcc_ex.o
    0x080018d4   0x080018d4   0x00000130   Code   RO         5137    i.HAL_RCC_ClockConfig  stm32f4xx_hal_rcc.o
    0x08001a04   0x08001a04   0x0000000c   Code   RO         5142    i.HAL_RCC_GetHCLKFreq  stm32f4xx_hal_rcc.o
    0x08001a10   0x08001a10   0x00000020   Code   RO         5144    i.HAL_RCC_GetPCLK1Freq  stm32f4xx_hal_rcc.o
    0x08001a30   0x08001a30   0x00000020   Code   RO         5145    i.HAL_RCC_GetPCLK2Freq  stm32f4xx_hal_rcc.o
    0x08001a50   0x08001a50   0x00000060   Code   RO         5146    i.HAL_RCC_GetSysClockFreq  stm32f4xx_hal_rcc.o
    0x08001ab0   0x08001ab0   0x0000008c   Code   RO         5147    i.HAL_RCC_MCOConfig  stm32f4xx_hal_rcc.o
    0x08001b3c   0x08001b3c   0x0000031c   Code   RO         5149    i.HAL_RCC_OscConfig  stm32f4xx_hal_rcc.o
    0x08001e58   0x08001e58   0x000000ac   Code   RO         2704    i.HAL_RTC_Init      stm32f4xx_hal_rtc.o
    0x08001f04   0x08001f04   0x00000018   Code   RO          727    i.HAL_RTC_MspInit   rtc.o
    0x08001f1c   0x08001f1c   0x00000150   Code   RO         2708    i.HAL_RTC_SetAlarm  stm32f4xx_hal_rtc.o
    0x0800206c   0x0800206c   0x000000c8   Code   RO         2710    i.HAL_RTC_SetDate   stm32f4xx_hal_rtc.o
    0x08002134   0x08002134   0x000000ec   Code   RO         2711    i.HAL_RTC_SetTime   stm32f4xx_hal_rtc.o
    0x08002220   0x08002220   0x00000036   Code   RO         2712    i.HAL_RTC_WaitForSynchro  stm32f4xx_hal_rtc.o
    0x08002256   0x08002256   0x00000078   Code   RO         3328    i.HAL_SD_ConfigWideBusOperation  stm32f4xx_hal_sd.o
    0x080022ce   0x080022ce   0x000001da   Code   RO         3333    i.HAL_SD_GetCardCSD  stm32f4xx_hal_sd.o
    0x080024a8   0x080024a8   0x00000024   Code   RO         3334    i.HAL_SD_GetCardInfo  stm32f4xx_hal_sd.o
    0x080024cc   0x080024cc   0x0000002c   Code   RO         3335    i.HAL_SD_GetCardState  stm32f4xx_hal_sd.o
    0x080024f8   0x080024f8   0x00000036   Code   RO         3340    i.HAL_SD_Init       stm32f4xx_hal_sd.o
    0x0800252e   0x0800252e   0x00000002   PAD
    0x08002530   0x08002530   0x00000054   Code   RO         3341    i.HAL_SD_InitCard   stm32f4xx_hal_sd.o
    0x08002584   0x08002584   0x000000ac   Code   RO          769    i.HAL_SD_MspInit    sdio.o
    0x08002630   0x08002630   0x000001b2   Code   RO         3344    i.HAL_SD_ReadBlocks  stm32f4xx_hal_sd.o
    0x080027e2   0x080027e2   0x00000002   PAD
    0x080027e4   0x080027e4   0x0000019a   Code   RO         3349    i.HAL_SD_WriteBlocks  stm32f4xx_hal_sd.o
    0x0800297e   0x0800297e   0x00000080   Code   RO         3571    i.HAL_SPI_Init      stm32f4xx_hal_spi.o
    0x080029fe   0x080029fe   0x00000002   PAD
    0x08002a00   0x08002a00   0x000000a4   Code   RO          811    i.HAL_SPI_MspInit   spi.o
    0x08002aa4   0x08002aa4   0x00000056   Code   RO         2140    i.HAL_SRAM_Init     stm32f4xx_hal_sram.o
    0x08002afa   0x08002afa   0x00000004   Code   RO          638    i.HAL_SRAM_MspInit  fsmc.o
    0x08002afe   0x08002afe   0x00000028   Code   RO         5891    i.HAL_SYSTICK_Config  stm32f4xx_hal_cortex.o
    0x08002b26   0x08002b26   0x00000002   Code   RO         4559    i.HAL_TIMEx_BreakCallback  stm32f4xx_hal_tim_ex.o
    0x08002b28   0x08002b28   0x00000002   Code   RO         4560    i.HAL_TIMEx_CommutCallback  stm32f4xx_hal_tim_ex.o
    0x08002b2a   0x08002b2a   0x00000042   Code   RO         4577    i.HAL_TIMEx_MasterConfigSynchronization  stm32f4xx_hal_tim_ex.o
    0x08002b6c   0x08002b6c   0x00000036   Code   RO         3884    i.HAL_TIM_Base_Init  stm32f4xx_hal_tim.o
    0x08002ba2   0x08002ba2   0x00000002   PAD
    0x08002ba4   0x08002ba4   0x0000003c   Code   RO          859    i.HAL_TIM_Base_MspInit  tim.o
    0x08002be0   0x08002be0   0x00000024   Code   RO         3887    i.HAL_TIM_Base_Start  stm32f4xx_hal_tim.o
    0x08002c04   0x08002c04   0x00000022   Code   RO         3889    i.HAL_TIM_Base_Start_IT  stm32f4xx_hal_tim.o
    0x08002c26   0x08002c26   0x00000002   Code   RO         3913    i.HAL_TIM_IC_CaptureCallback  stm32f4xx_hal_tim.o
    0x08002c28   0x08002c28   0x00000166   Code   RO         3927    i.HAL_TIM_IRQHandler  stm32f4xx_hal_tim.o
    0x08002d8e   0x08002d8e   0x00000002   Code   RO         3930    i.HAL_TIM_OC_DelayElapsedCallback  stm32f4xx_hal_tim.o
    0x08002d90   0x08002d90   0x00000002   Code   RO         3957    i.HAL_TIM_PWM_PulseFinishedCallback  stm32f4xx_hal_tim.o
    0x08002d92   0x08002d92   0x00000002   Code   RO         3965    i.HAL_TIM_PeriodElapsedCallback  stm32f4xx_hal_tim.o
    0x08002d94   0x08002d94   0x00000002   Code   RO         3970    i.HAL_TIM_TriggerCallback  stm32f4xx_hal_tim.o
    0x08002d96   0x08002d96   0x00000002   Code   RO         4831    i.HAL_UART_ErrorCallback  stm32f4xx_hal_uart.o
    0x08002d98   0x08002d98   0x00000110   Code   RO         4834    i.HAL_UART_IRQHandler  stm32f4xx_hal_uart.o
    0x08002ea8   0x08002ea8   0x00000062   Code   RO         4835    i.HAL_UART_Init     stm32f4xx_hal_uart.o
    0x08002f0a   0x08002f0a   0x00000002   PAD
    0x08002f0c   0x08002f0c   0x0000017c   Code   RO          901    i.HAL_UART_MspInit  usart.o
    0x08003088   0x08003088   0x00000002   Code   RO         4841    i.HAL_UART_RxCpltCallback  stm32f4xx_hal_uart.o
    0x0800308a   0x0800308a   0x000000ba   Code   RO         4843    i.HAL_UART_Transmit  stm32f4xx_hal_uart.o
    0x08003144   0x08003144   0x00000002   Code   RO         4846    i.HAL_UART_TxCpltCallback  stm32f4xx_hal_uart.o
    0x08003146   0x08003146   0x00000002   Code   RO         1322    i.HardFault_Handler  stm32f4xx_it.o
    0x08003148   0x08003148   0x00000038   Code   RO         1180    i.IntToUnicode      usbd_desc.o
    0x08003180   0x08003180   0x0000003c   Code   RO          346    i.MX_DMA_Init       dma.o
    0x080031bc   0x080031bc   0x0000001c   Code   RO          574    i.MX_FATFS_Init     fatfs.o
    0x080031d8   0x080031d8   0x0000006c   Code   RO          639    i.MX_FSMC_Init      fsmc.o
    0x08003244   0x08003244   0x0000010c   Code   RO          322    i.MX_GPIO_Init      gpio.o
    0x08003350   0x08003350   0x00000040   Code   RO          686    i.MX_I2C2_Init      i2c.o
    0x08003390   0x08003390   0x000000bc   Code   RO          728    i.MX_RTC_Init       rtc.o
    0x0800344c   0x0800344c   0x00000020   Code   RO          770    i.MX_SDIO_SD_Init   sdio.o
    0x0800346c   0x0800346c   0x00000048   Code   RO          812    i.MX_SPI1_Init      spi.o
    0x080034b4   0x080034b4   0x00000048   Code   RO          813    i.MX_SPI2_Init      spi.o
    0x080034fc   0x080034fc   0x00000048   Code   RO          860    i.MX_TIM6_Init      tim.o
    0x08003544   0x08003544   0x00000038   Code   RO          902    i.MX_UART4_Init     usart.o
    0x0800357c   0x0800357c   0x00000038   Code   RO          903    i.MX_USART1_UART_Init  usart.o
    0x080035b4   0x080035b4   0x00000038   Code   RO          904    i.MX_USART2_UART_Init  usart.o
    0x080035ec   0x080035ec   0x00000054   Code   RO          954    i.MX_USB_DEVICE_Init  usb_device.o
    0x08003640   0x08003640   0x00000002   Code   RO         1323    i.MemManage_Handler  stm32f4xx_it.o
    0x08003642   0x08003642   0x00000002   Code   RO         1324    i.NMI_Handler       stm32f4xx_it.o
    0x08003644   0x08003644   0x0000000c   Code   RO         1325    i.OTG_FS_IRQHandler  stm32f4xx_it.o
    0x08003650   0x08003650   0x000000dc   Code   RO         1480    i.PCD_EP_OutXfrComplete_int  stm32f4xx_hal_pcd.o
    0x0800372c   0x0800372c   0x000000a2   Code   RO         1481    i.PCD_WriteEmptyTxFifo  stm32f4xx_hal_pcd.o
    0x080037ce   0x080037ce   0x00000002   Code   RO         1326    i.PendSV_Handler    stm32f4xx_it.o
    0x080037d0   0x080037d0   0x00000016   Code   RO         2714    i.RTC_ByteToBcd2    stm32f4xx_hal_rtc.o
    0x080037e6   0x080037e6   0x00000002   PAD
    0x080037e8   0x080037e8   0x0000003a   Code   RO         2715    i.RTC_EnterInitMode  stm32f4xx_hal_rtc.o
    0x08003822   0x08003822   0x00000024   Code   RO         3061    i.SDIO_ConfigData   stm32f4xx_ll_sdmmc.o
    0x08003846   0x08003846   0x00000008   Code   RO         3065    i.SDIO_GetPowerState  stm32f4xx_ll_sdmmc.o
    0x0800384e   0x0800384e   0x0000000c   Code   RO         3066    i.SDIO_GetResponse  stm32f4xx_ll_sdmmc.o
    0x0800385a   0x0800385a   0x00000024   Code   RO         3067    i.SDIO_Init         stm32f4xx_ll_sdmmc.o
    0x0800387e   0x0800387e   0x00000008   Code   RO         3069    i.SDIO_PowerState_ON  stm32f4xx_ll_sdmmc.o
    0x08003886   0x08003886   0x00000006   Code   RO         3070    i.SDIO_ReadFIFO     stm32f4xx_ll_sdmmc.o
    0x0800388c   0x0800388c   0x00000020   Code   RO         3071    i.SDIO_SendCommand  stm32f4xx_ll_sdmmc.o
    0x080038ac   0x080038ac   0x0000000a   Code   RO         3073    i.SDIO_WriteFIFO    stm32f4xx_ll_sdmmc.o
    0x080038b6   0x080038b6   0x00000032   Code   RO         3074    i.SDMMC_CmdAppCommand  stm32f4xx_ll_sdmmc.o
    0x080038e8   0x080038e8   0x00000034   Code   RO         3075    i.SDMMC_CmdAppOperCommand  stm32f4xx_ll_sdmmc.o
    0x0800391c   0x0800391c   0x00000032   Code   RO         3076    i.SDMMC_CmdBlockLength  stm32f4xx_ll_sdmmc.o
    0x0800394e   0x0800394e   0x00000032   Code   RO         3077    i.SDMMC_CmdBusWidth  stm32f4xx_ll_sdmmc.o
    0x08003980   0x08003980   0x00000050   Code   RO         3081    i.SDMMC_CmdGoIdleState  stm32f4xx_ll_sdmmc.o
    0x080039d0   0x080039d0   0x00000068   Code   RO         3083    i.SDMMC_CmdOperCond  stm32f4xx_ll_sdmmc.o
    0x08003a38   0x08003a38   0x00000032   Code   RO         3084    i.SDMMC_CmdReadMultiBlock  stm32f4xx_ll_sdmmc.o
    0x08003a6a   0x08003a6a   0x00000032   Code   RO         3085    i.SDMMC_CmdReadSingleBlock  stm32f4xx_ll_sdmmc.o
    0x08003a9c   0x08003a9c   0x00000032   Code   RO         3088    i.SDMMC_CmdSelDesel  stm32f4xx_ll_sdmmc.o
    0x08003ace   0x08003ace   0x0000002c   Code   RO         3089    i.SDMMC_CmdSendCID  stm32f4xx_ll_sdmmc.o
    0x08003afa   0x08003afa   0x0000002c   Code   RO         3090    i.SDMMC_CmdSendCSD  stm32f4xx_ll_sdmmc.o
    0x08003b26   0x08003b26   0x00000030   Code   RO         3091    i.SDMMC_CmdSendSCR  stm32f4xx_ll_sdmmc.o
    0x08003b56   0x08003b56   0x00000032   Code   RO         3092    i.SDMMC_CmdSendStatus  stm32f4xx_ll_sdmmc.o
    0x08003b88   0x08003b88   0x00000030   Code   RO         3093    i.SDMMC_CmdSetRelAdd  stm32f4xx_ll_sdmmc.o
    0x08003bb8   0x08003bb8   0x00000034   Code   RO         3095    i.SDMMC_CmdStopTransfer  stm32f4xx_ll_sdmmc.o
    0x08003bec   0x08003bec   0x00000032   Code   RO         3097    i.SDMMC_CmdWriteMultiBlock  stm32f4xx_ll_sdmmc.o
    0x08003c1e   0x08003c1e   0x00000032   Code   RO         3098    i.SDMMC_CmdWriteSingleBlock  stm32f4xx_ll_sdmmc.o
    0x08003c50   0x08003c50   0x0000011c   Code   RO         3099    i.SDMMC_GetCmdResp1  stm32f4xx_ll_sdmmc.o
    0x08003d6c   0x08003d6c   0x00000050   Code   RO         3100    i.SDMMC_GetCmdResp2  stm32f4xx_ll_sdmmc.o
    0x08003dbc   0x08003dbc   0x00000040   Code   RO         3101    i.SDMMC_GetCmdResp3  stm32f4xx_ll_sdmmc.o
    0x08003dfc   0x08003dfc   0x00000084   Code   RO         3102    i.SDMMC_GetCmdResp6  stm32f4xx_ll_sdmmc.o
    0x08003e80   0x08003e80   0x00000020   Code   RO          514    i.SD_CheckStatus    sd_diskio.o
    0x08003ea0   0x08003ea0   0x000000d4   Code   RO         3357    i.SD_FindSCR        stm32f4xx_hal_sd.o
    0x08003f74   0x08003f74   0x000000e6   Code   RO         3358    i.SD_InitCard       stm32f4xx_hal_sd.o
    0x0800405a   0x0800405a   0x000000a2   Code   RO         3359    i.SD_PowerON        stm32f4xx_hal_sd.o
    0x080040fc   0x080040fc   0x0000004e   Code   RO         3361    i.SD_WideBus_Disable  stm32f4xx_hal_sd.o
    0x0800414a   0x0800414a   0x0000004e   Code   RO         3362    i.SD_WideBus_Enable  stm32f4xx_hal_sd.o
    0x08004198   0x08004198   0x00000020   Code   RO          515    i.SD_initialize     sd_diskio.o
    0x080041b8   0x080041b8   0x00000050   Code   RO          516    i.SD_ioctl          sd_diskio.o
    0x08004208   0x08004208   0x00000026   Code   RO          517    i.SD_read           sd_diskio.o
    0x0800422e   0x0800422e   0x00000004   Code   RO          518    i.SD_status         sd_diskio.o
    0x08004232   0x08004232   0x00000002   PAD
    0x08004234   0x08004234   0x00000026   Code   RO          519    i.SD_write          sd_diskio.o
    0x0800425a   0x0800425a   0x00000002   Code   RO         1327    i.SVC_Handler       stm32f4xx_it.o
    0x0800425c   0x0800425c   0x00000004   Code   RO         1328    i.SysTick_Handler   stm32f4xx_it.o
    0x08004260   0x08004260   0x000000b0   Code   RO          244    i.SystemClock_Config  main.o
    0x08004310   0x08004310   0x00000054   Code   RO         6266    i.SystemInit        system_stm32f4xx.o
    0x08004364   0x08004364   0x0000001c   Code   RO         1329    i.TIM6_DAC_IRQHandler  stm32f4xx_it.o
    0x08004380   0x08004380   0x000000c8   Code   RO         3972    i.TIM_Base_SetConfig  stm32f4xx_hal_tim.o
    0x08004448   0x08004448   0x00000010   Code   RO         4848    i.UART_DMAAbortOnError  stm32f4xx_hal_uart.o
    0x08004458   0x08004458   0x0000001c   Code   RO         4858    i.UART_EndRxTransfer  stm32f4xx_hal_uart.o
    0x08004474   0x08004474   0x00000096   Code   RO         4860    i.UART_Receive_IT   stm32f4xx_hal_uart.o
    0x0800450a   0x0800450a   0x00000002   PAD
    0x0800450c   0x0800450c   0x000002ac   Code   RO         4861    i.UART_SetConfig    stm32f4xx_hal_uart.o
    0x080047b8   0x080047b8   0x00000062   Code   RO         4862    i.UART_Transmit_IT  stm32f4xx_hal_uart.o
    0x0800481a   0x0800481a   0x00000064   Code   RO         4863    i.UART_WaitOnFlagUntilTimeout  stm32f4xx_hal_uart.o
    0x0800487e   0x0800487e   0x00000002   PAD
    0x08004880   0x08004880   0x0000000c   Code   RO         1330    i.USART1_IRQHandler  stm32f4xx_it.o
    0x0800488c   0x0800488c   0x0000004a   Code   RO         7027    i.USBD_CDC_DataIn   usbd_cdc.o
    0x080048d6   0x080048d6   0x0000002e   Code   RO         7028    i.USBD_CDC_DataOut  usbd_cdc.o
    0x08004904   0x08004904   0x00000044   Code   RO         7029    i.USBD_CDC_DeInit   usbd_cdc.o
    0x08004948   0x08004948   0x00000024   Code   RO         7030    i.USBD_CDC_EP0_RxReady  usbd_cdc.o
    0x0800496c   0x0800496c   0x0000000c   Code   RO         7031    i.USBD_CDC_GetDeviceQualifierDescriptor  usbd_cdc.o
    0x08004978   0x08004978   0x0000000c   Code   RO         7032    i.USBD_CDC_GetFSCfgDesc  usbd_cdc.o
    0x08004984   0x08004984   0x0000000c   Code   RO         7033    i.USBD_CDC_GetHSCfgDesc  usbd_cdc.o
    0x08004990   0x08004990   0x0000000c   Code   RO         7034    i.USBD_CDC_GetOtherSpeedCfgDesc  usbd_cdc.o
    0x0800499c   0x0800499c   0x00000094   Code   RO         7035    i.USBD_CDC_Init     usbd_cdc.o
    0x08004a30   0x08004a30   0x00000028   Code   RO         7036    i.USBD_CDC_ReceivePacket  usbd_cdc.o
    0x08004a58   0x08004a58   0x00000010   Code   RO         7037    i.USBD_CDC_RegisterInterface  usbd_cdc.o
    0x08004a68   0x08004a68   0x0000000c   Code   RO         7038    i.USBD_CDC_SetRxBuffer  usbd_cdc.o
    0x08004a74   0x08004a74   0x00000010   Code   RO         7039    i.USBD_CDC_SetTxBuffer  usbd_cdc.o
    0x08004a84   0x08004a84   0x000000ac   Code   RO         7040    i.USBD_CDC_Setup    usbd_cdc.o
    0x08004b30   0x08004b30   0x0000000e   Code   RO         6764    i.USBD_ClrClassConfig  usbd_core.o
    0x08004b3e   0x08004b3e   0x00000010   Code   RO         6967    i.USBD_CtlContinueRx  usbd_ioreq.o
    0x08004b4e   0x08004b4e   0x00000010   Code   RO         6968    i.USBD_CtlContinueSendData  usbd_ioreq.o
    0x08004b5e   0x08004b5e   0x00000016   Code   RO         6902    i.USBD_CtlError     usbd_ctlreq.o
    0x08004b74   0x08004b74   0x0000001e   Code   RO         6969    i.USBD_CtlPrepareRx  usbd_ioreq.o
    0x08004b92   0x08004b92   0x00000016   Code   RO         6970    i.USBD_CtlReceiveStatus  usbd_ioreq.o
    0x08004ba8   0x08004ba8   0x0000001a   Code   RO         6971    i.USBD_CtlSendData  usbd_ioreq.o
    0x08004bc2   0x08004bc2   0x00000016   Code   RO         6972    i.USBD_CtlSendStatus  usbd_ioreq.o
    0x08004bd8   0x08004bd8   0x00000020   Code   RO         1181    i.USBD_FS_ConfigStrDescriptor  usbd_desc.o
    0x08004bf8   0x08004bf8   0x0000000c   Code   RO         1182    i.USBD_FS_DeviceDescriptor  usbd_desc.o
    0x08004c04   0x08004c04   0x00000024   Code   RO         1183    i.USBD_FS_InterfaceStrDescriptor  usbd_desc.o
    0x08004c28   0x08004c28   0x0000000c   Code   RO         1184    i.USBD_FS_LangIDStrDescriptor  usbd_desc.o
    0x08004c34   0x08004c34   0x00000028   Code   RO         1185    i.USBD_FS_ManufacturerStrDescriptor  usbd_desc.o
    0x08004c5c   0x08004c5c   0x0000002c   Code   RO         1186    i.USBD_FS_ProductStrDescriptor  usbd_desc.o
    0x08004c88   0x08004c88   0x00000038   Code   RO         1187    i.USBD_FS_SerialStrDescriptor  usbd_desc.o
    0x08004cc0   0x08004cc0   0x000000e8   Code   RO         6903    i.USBD_GetDescriptor  usbd_ctlreq.o
    0x08004da8   0x08004da8   0x00000048   Code   RO         6904    i.USBD_GetString    usbd_ctlreq.o
    0x08004df0   0x08004df0   0x00000018   Code   RO          998    i.USBD_Get_USB_Status  usbd_conf.o
    0x08004e08   0x08004e08   0x0000002a   Code   RO         6766    i.USBD_Init         usbd_core.o
    0x08004e32   0x08004e32   0x00000012   Code   RO          999    i.USBD_LL_ClearStallEP  usbd_conf.o
    0x08004e44   0x08004e44   0x00000012   Code   RO         1000    i.USBD_LL_CloseEP   usbd_conf.o
    0x08004e56   0x08004e56   0x000000c6   Code   RO         6767    i.USBD_LL_DataInStage  usbd_core.o
    0x08004f1c   0x08004f1c   0x00000082   Code   RO         6768    i.USBD_LL_DataOutStage  usbd_core.o
    0x08004f9e   0x08004f9e   0x00000004   Code   RO         6769    i.USBD_LL_DevConnected  usbd_core.o
    0x08004fa2   0x08004fa2   0x00000016   Code   RO         6770    i.USBD_LL_DevDisconnected  usbd_core.o
    0x08004fb8   0x08004fb8   0x00000008   Code   RO         1004    i.USBD_LL_GetRxDataSize  usbd_conf.o
    0x08004fc0   0x08004fc0   0x00000060   Code   RO         1005    i.USBD_LL_Init      usbd_conf.o
    0x08005020   0x08005020   0x00000020   Code   RO         1006    i.USBD_LL_IsStallEP  usbd_conf.o
    0x08005040   0x08005040   0x00000004   Code   RO         6771    i.USBD_LL_IsoINIncomplete  usbd_core.o
    0x08005044   0x08005044   0x00000004   Code   RO         6772    i.USBD_LL_IsoOUTIncomplete  usbd_core.o
    0x08005048   0x08005048   0x00000018   Code   RO         1007    i.USBD_LL_OpenEP    usbd_conf.o
    0x08005060   0x08005060   0x00000012   Code   RO         1008    i.USBD_LL_PrepareReceive  usbd_conf.o
    0x08005072   0x08005072   0x00000050   Code   RO         6773    i.USBD_LL_Reset     usbd_core.o
    0x080050c2   0x080050c2   0x0000000c   Code   RO         6774    i.USBD_LL_Resume    usbd_core.o
    0x080050ce   0x080050ce   0x00000018   Code   RO         6775    i.USBD_LL_SOF       usbd_core.o
    0x080050e6   0x080050e6   0x00000006   Code   RO         6776    i.USBD_LL_SetSpeed  usbd_core.o
    0x080050ec   0x080050ec   0x00000012   Code   RO         1009    i.USBD_LL_SetUSBAddress  usbd_conf.o
    0x080050fe   0x080050fe   0x0000005a   Code   RO         6777    i.USBD_LL_SetupStage  usbd_core.o
    0x08005158   0x08005158   0x00000012   Code   RO         1010    i.USBD_LL_StallEP   usbd_conf.o
    0x0800516a   0x0800516a   0x00000012   Code   RO         1011    i.USBD_LL_Start     usbd_conf.o
    0x0800517c   0x0800517c   0x00000012   Code   RO         6778    i.USBD_LL_Suspend   usbd_core.o
    0x0800518e   0x0800518e   0x00000012   Code   RO         1013    i.USBD_LL_Transmit  usbd_conf.o
    0x080051a0   0x080051a0   0x00000028   Code   RO         6905    i.USBD_ParseSetupRequest  usbd_ctlreq.o
    0x080051c8   0x080051c8   0x00000010   Code   RO         6779    i.USBD_RegisterClass  usbd_core.o
    0x080051d8   0x080051d8   0x00000016   Code   RO         6781    i.USBD_SetClassConfig  usbd_core.o
    0x080051ee   0x080051ee   0x00000002   PAD
    0x080051f0   0x080051f0   0x00000084   Code   RO         6906    i.USBD_SetConfig    usbd_ctlreq.o
    0x08005274   0x08005274   0x0000000a   Code   RO         6782    i.USBD_Start        usbd_core.o
    0x0800527e   0x0800527e   0x00000112   Code   RO         6907    i.USBD_StdDevReq    usbd_ctlreq.o
    0x08005390   0x08005390   0x00000150   Code   RO         6908    i.USBD_StdEPReq     usbd_ctlreq.o
    0x080054e0   0x080054e0   0x0000004e   Code   RO         6909    i.USBD_StdItfReq    usbd_ctlreq.o
    0x0800552e   0x0800552e   0x00000002   PAD
    0x08005530   0x08005530   0x00000080   Code   RO         1711    i.USB_ActivateEndpoint  stm32f4xx_ll_usb.o
    0x080055b0   0x080055b0   0x00000034   Code   RO         1713    i.USB_ActivateSetup  stm32f4xx_ll_usb.o
    0x080055e4   0x080055e4   0x00000074   Code   RO         1715    i.USB_CoreInit      stm32f4xx_ll_usb.o
    0x08005658   0x08005658   0x00000038   Code   RO         1716    i.USB_CoreReset     stm32f4xx_ll_usb.o
    0x08005690   0x08005690   0x00000080   Code   RO         1719    i.USB_DeactivateEndpoint  stm32f4xx_ll_usb.o
    0x08005710   0x08005710   0x00000018   Code   RO         1720    i.USB_DevConnect    stm32f4xx_ll_usb.o
    0x08005728   0x08005728   0x00000018   Code   RO         1721    i.USB_DevDisconnect  stm32f4xx_ll_usb.o
    0x08005740   0x08005740   0x0000018c   Code   RO         1722    i.USB_DevInit       stm32f4xx_ll_usb.o
    0x080058cc   0x080058cc   0x0000000c   Code   RO         1723    i.USB_DisableGlobalInt  stm32f4xx_ll_usb.o
    0x080058d8   0x080058d8   0x00000118   Code   RO         1726    i.USB_EP0StartXfer  stm32f4xx_ll_usb.o
    0x080059f0   0x080059f0   0x00000058   Code   RO         1727    i.USB_EP0_OutStart  stm32f4xx_ll_usb.o
    0x08005a48   0x08005a48   0x00000058   Code   RO         1728    i.USB_EPClearStall  stm32f4xx_ll_usb.o
    0x08005aa0   0x08005aa0   0x00000058   Code   RO         1729    i.USB_EPSetStall    stm32f4xx_ll_usb.o
    0x08005af8   0x08005af8   0x000001e8   Code   RO         1730    i.USB_EPStartXfer   stm32f4xx_ll_usb.o
    0x08005ce0   0x08005ce0   0x0000000c   Code   RO         1731    i.USB_EnableGlobalInt  stm32f4xx_ll_usb.o
    0x08005cec   0x08005cec   0x00000020   Code   RO         1732    i.USB_FlushRxFifo   stm32f4xx_ll_usb.o
    0x08005d0c   0x08005d0c   0x00000024   Code   RO         1733    i.USB_FlushTxFifo   stm32f4xx_ll_usb.o
    0x08005d30   0x08005d30   0x0000001a   Code   RO         1735    i.USB_GetDevSpeed   stm32f4xx_ll_usb.o
    0x08005d4a   0x08005d4a   0x00000008   Code   RO         1737    i.USB_GetMode       stm32f4xx_ll_usb.o
    0x08005d52   0x08005d52   0x0000000e   Code   RO         1744    i.USB_ReadDevAllInEpInterrupt  stm32f4xx_ll_usb.o
    0x08005d60   0x08005d60   0x0000000e   Code   RO         1745    i.USB_ReadDevAllOutEpInterrupt  stm32f4xx_ll_usb.o
    0x08005d6e   0x08005d6e   0x00000024   Code   RO         1746    i.USB_ReadDevInEPInterrupt  stm32f4xx_ll_usb.o
    0x08005d92   0x08005d92   0x00000010   Code   RO         1747    i.USB_ReadDevOutEPInterrupt  stm32f4xx_ll_usb.o
    0x08005da2   0x08005da2   0x00000008   Code   RO         1748    i.USB_ReadInterrupts  stm32f4xx_ll_usb.o
    0x08005daa   0x08005daa   0x0000001c   Code   RO         1749    i.USB_ReadPacket    stm32f4xx_ll_usb.o
    0x08005dc6   0x08005dc6   0x0000002e   Code   RO         1751    i.USB_SetCurrentMode  stm32f4xx_ll_usb.o
    0x08005df4   0x08005df4   0x00000022   Code   RO         1752    i.USB_SetDevAddress  stm32f4xx_ll_usb.o
    0x08005e16   0x08005e16   0x00000002   PAD
    0x08005e18   0x08005e18   0x000000e8   Code   RO         1754    i.USB_SetTurnaroundTime  stm32f4xx_ll_usb.o
    0x08005f00   0x08005f00   0x00000024   Code   RO         1757    i.USB_WritePacket   stm32f4xx_ll_usb.o
    0x08005f24   0x08005f24   0x00000002   Code   RO         1331    i.UsageFault_Handler  stm32f4xx_it.o
    0x08005f26   0x08005f26   0x00000002   PAD
    0x08005f28   0x08005f28   0x00000010   Code   RO         7142    i.__0printf$bare    mc_w.l(printfb.o)
    0x08005f38   0x08005f38   0x00000020   Code   RO         5893    i.__NVIC_SetPriority  stm32f4xx_hal_cortex.o
    0x08005f58   0x08005f58   0x0000000e   Code   RO         7471    i.__scatterload_copy  mc_w.l(handlers.o)
    0x08005f66   0x08005f66   0x00000002   Code   RO         7472    i.__scatterload_null  mc_w.l(handlers.o)
    0x08005f68   0x08005f68   0x0000000e   Code   RO         7473    i.__scatterload_zeroinit  mc_w.l(handlers.o)
    0x08005f76   0x08005f76   0x00000022   Code   RO         7149    i._printf_core      mc_w.l(printfb.o)
    0x08005f98   0x08005f98   0x00000018   Code   RO           15    i.fputc             user_usart.o
    0x08005fb0   0x08005fb0   0x00000050   Code   RO         7401    i.free              mc_w.l(malloc.o)
    0x08006000   0x08006000   0x00000080   Code   RO          245    i.main              main.o
    0x08006080   0x08006080   0x0000006c   Code   RO         7402    i.malloc            mc_w.l(malloc.o)
    0x080060ec   0x080060ec   0x00000014   Data   RO          520    .constdata          sd_diskio.o
    0x08006100   0x08006100   0x00000008   Data   RO         5610    .constdata          stm32f4xx_hal_dma.o
    0x08006108   0x08006108   0x00000010   Data   RO         6267    .constdata          system_stm32f4xx.o
    0x08006118   0x08006118   0x00000008   Data   RO         6268    .constdata          system_stm32f4xx.o
    0x08006120   0x08006120   0x00000020   Data   RO         7469    Region$$Table       anon$$obj.o


    Execution Region RW_IRAM1 (Exec base: 0x20000000, Load base: 0x08006140, Size: 0x00002608, Max: 0x00020000, ABSOLUTE, COMPRESSED[0x000000c4])

    Exec Addr    Load Addr    Size         Type   Attr      Idx    E Section Name        Object

    0x20000000   COMPRESSED   0x00000001   Data   RW          521    .data               sd_diskio.o
    0x20000001   COMPRESSED   0x00000005   Data   RW          578    .data               fatfs.o
    0x20000006   COMPRESSED   0x00000002   PAD
    0x20000008   COMPRESSED   0x00000008   Data   RW          641    .data               fsmc.o
    0x20000010   COMPRESSED   0x0000001c   Data   RW         1189    .data               usbd_desc.o
    0x2000002c   COMPRESSED   0x00000032   Data   RW         1190    .data               usbd_desc.o
    0x2000005e   COMPRESSED   0x00000002   PAD
    0x20000060   COMPRESSED   0x00000010   Data   RW         1272    .data               usbd_cdc_if.o
    0x20000070   COMPRESSED   0x0000000c   Data   RW         6037    .data               stm32f4xx_hal.o
    0x2000007c   COMPRESSED   0x00000004   Data   RW         6269    .data               system_stm32f4xx.o
    0x20000080   COMPRESSED   0x00000001   Data   RW         6910    .data               usbd_ctlreq.o
    0x20000081   COMPRESSED   0x00000003   PAD
    0x20000084   COMPRESSED   0x000000d7   Data   RW         7042    .data               usbd_cdc.o
    0x2000015b   COMPRESSED   0x00000001   PAD
    0x2000015c   COMPRESSED   0x00000038   Data   RW         7043    .data               usbd_cdc.o
    0x20000194   COMPRESSED   0x00000004   Data   RW         7443    .data               mc_w.l(stdout.o)
    0x20000198   COMPRESSED   0x00000004   Data   RW         7450    .data               mc_w.l(mvars.o)
    0x2000019c   COMPRESSED   0x00000004   Data   RW         7451    .data               mc_w.l(mvars.o)
    0x200001a0        -       0x00000050   Zero   RW          640    .bss                fsmc.o
    0x200001f0        -       0x00000054   Zero   RW          687    .bss                i2c.o
    0x20000244        -       0x00000020   Zero   RW          729    .bss                rtc.o
    0x20000264        -       0x00000084   Zero   RW          771    .bss                sdio.o
    0x200002e8        -       0x000000b0   Zero   RW          814    .bss                spi.o
    0x20000398        -       0x00000040   Zero   RW          861    .bss                tim.o
    0x200003d8        -       0x00000180   Zero   RW          905    .bss                usart.o
    0x20000558        -       0x0000029c   Zero   RW          955    .bss                usb_device.o
    0x200007f4        -       0x00000408   Zero   RW         1014    .bss                usbd_conf.o
    0x20000bfc        -       0x00000200   Zero   RW         1188    .bss                usbd_desc.o
    0x20000dfc        -       0x00001000   Zero   RW         1271    .bss                usbd_cdc_if.o
    0x20001dfc        -       0x0000000c   Zero   RW         6694    .bss                ff_gen_drv.o
    0x20001e08        -       0x00000400   Zero   RW            2    HEAP                startup_stm32f407xx.o
    0x20002208        -       0x00000400   Zero   RW            1    STACK               startup_stm32f407xx.o


==============================================================================

Image component sizes


      Code (inc. data)   RO Data    RW Data    ZI Data      Debug   Object Name

       174         26          0          0          0       4206   bsp_driver_sd.o
        60          4          0          0          0        842   dma.o
        28         10          0          5          0       1134   fatfs.o
        24          4          0          0          0        585   fatfs_platform.o
        70          6          0          0         12       1755   ff_gen_drv.o
       272         24          0          8         80       2391   fsmc.o
       268         22          0          0          0       1135   gpio.o
       172         28          0          0         84       1809   i2c.o
       306         44          0          0          0       4243   main.o
       212         18          0          0         32       1759   rtc.o
       224         14         20          1          0       4684   sd_diskio.o
       204         26          0          0        132       1801   sdio.o
       308         36          0          0        176       2526   spi.o
        36          8        392          0       2048        876   startup_stm32f407xx.o
       180         28          0         12          0       4861   stm32f4xx_hal.o
       198         14          0          0          0      34191   stm32f4xx_hal_cortex.o
       788         16          8          0          0       4975   stm32f4xx_hal_dma.o
       466         44          0          0          0       3904   stm32f4xx_hal_gpio.o
       372         16          0          0          0       3019   stm32f4xx_hal_i2c.o
        48          6          0          0          0        910   stm32f4xx_hal_msp.o
      2372         18          0          0          0      13469   stm32f4xx_hal_pcd.o
        78          0          0          0          0       2569   stm32f4xx_hal_pcd_ex.o
      1412         96          0          0          0       6880   stm32f4xx_hal_rcc.o
       316         20          0          0          0       1472   stm32f4xx_hal_rcc_ex.o
      1078         18          0          0          0       6971   stm32f4xx_hal_rtc.o
      2416          4          0          0          0      13696   stm32f4xx_hal_sd.o
       128          0          0          0          0       1247   stm32f4xx_hal_spi.o
        86          0          0          0          0       1296   stm32f4xx_hal_sram.o
       692         44          0          0          0       8350   stm32f4xx_hal_tim.o
        70          0          0          0          0       2597   stm32f4xx_hal_tim_ex.o
      1638         14          0          0          0      10039   stm32f4xx_hal_uart.o
        96         32          0          0          0       7024   stm32f4xx_it.o
       216         12          0          0          0       2867   stm32f4xx_ll_fsmc.o
      1630         42          0          0          0      23963   stm32f4xx_ll_sdmmc.o
      2546        140          0          0          0      23987   stm32f4xx_ll_usb.o
        84         18         24          4          0       1279   system_stm32f4xx.o
       132         18          0          0         64       1730   tim.o
       548         54          0          0        384       3476   usart.o
        84         18          0          0        668        856   usb_device.o
       676         16          0        271          0      13420   usbd_cdc.o
        68         16          0         16       4096       2874   usbd_cdc_if.o
       634         20          0          0       1032      15964   usbd_conf.o
       696          0          0          0          0      13045   usbd_core.o
      1186         28          0          1          0       8488   usbd_ctlreq.o
       288        104          0         78        512       6325   usbd_desc.o
       132          0          0          0          0       4792   usbd_ioreq.o
        24          4          0          0          0     770560   user_usart.o

    ----------------------------------------------------------------------
     23776       1130        476        404       9320    1050842   Object Totals
         0          0         32          0          0          0   (incl. Generated)
        40          0          0          8          0          0   (incl. Padding)

    ----------------------------------------------------------------------

      Code (inc. data)   RO Data    RW Data    ZI Data      Debug   Library Member Name

        86          0          0          0          0          0   __dczerorl2.o
         0          0          0          0          0          0   entry.o
         0          0          0          0          0          0   entry10a.o
         0          0          0          0          0          0   entry11a.o
         8          4          0          0          0          0   entry2.o
         4          0          0          0          0          0   entry5.o
         0          0          0          0          0          0   entry7b.o
         0          0          0          0          0          0   entry8b.o
         8          4          0          0          0          0   entry9a.o
        30          0          0          0          0          0   handlers.o
        36          8          0          0          0         68   init.o
        30          0          0          0          0         68   llshl.o
        32          0          0          0          0         68   llushr.o
       188         20          0          0          0        160   malloc.o
        36          0          0          0          0         68   memcpya.o
        36          0          0          0          0        108   memseta.o
         0          0          0          8          0          0   mvars.o
        50          8          0          0          0        152   printfb.o
         0          0          0          4          0          0   stdout.o
        98          0          0          0          0         92   uldiv.o

    ----------------------------------------------------------------------
       644         44          0         12          0        784   Library Totals
         2          0          0          0          0          0   (incl. Padding)

    ----------------------------------------------------------------------

      Code (inc. data)   RO Data    RW Data    ZI Data      Debug   Library Name

       642         44          0         12          0        784   mc_w.l

    ----------------------------------------------------------------------
       644         44          0         12          0        784   Library Totals

    ----------------------------------------------------------------------

==============================================================================


      Code (inc. data)   RO Data    RW Data    ZI Data      Debug   

     24420       1174        476        416       9320    1023346   Grand Totals
     24420       1174        476        196       9320    1023346   ELF Image Totals (compressed)
     24420       1174        476        196          0          0   ROM Totals

==============================================================================

    Total RO  Size (Code + RO Data)                24896 (  24.31kB)
    Total RW  Size (RW Data + ZI Data)              9736 (   9.51kB)
    Total ROM Size (Code + RO Data + RW Data)      25092 (  24.50kB)

==============================================================================

